Archive member included to satisfy reference by file (symbol)

C:\Softwares\CooCox\GNU Tools ARM Embedded\5.2 2015q4\arm-none-eabi\lib\armv7e-m\fpu\libm.a(lib_a-s_atan.o)
                              ..\obj\bw_mpu6050.o (atan)
C:\Softwares\CooCox\GNU Tools ARM Embedded\5.2 2015q4\arm-none-eabi\lib\armv7e-m\fpu\libm.a(lib_a-s_cos.o)
                              ..\obj\bw_hexapod_cmd.o (cos)
C:\Softwares\CooCox\GNU Tools ARM Embedded\5.2 2015q4\arm-none-eabi\lib\armv7e-m\fpu\libm.a(lib_a-s_fabs.o)
                              C:\Softwares\CooCox\GNU Tools ARM Embedded\5.2 2015q4\arm-none-eabi\lib\armv7e-m\fpu\libm.a(lib_a-s_atan.o) (fabs)
C:\Softwares\CooCox\GNU Tools ARM Embedded\5.2 2015q4\arm-none-eabi\lib\armv7e-m\fpu\libm.a(lib_a-s_fmax.o)
                              ..\obj\bw_tpa_servo.o (fmax)
C:\Softwares\CooCox\GNU Tools ARM Embedded\5.2 2015q4\arm-none-eabi\lib\armv7e-m\fpu\libm.a(lib_a-s_fpclassify.o)
                              C:\Softwares\CooCox\GNU Tools ARM Embedded\5.2 2015q4\arm-none-eabi\lib\armv7e-m\fpu\libm.a(lib_a-s_fmax.o) (__fpclassifyd)
C:\Softwares\CooCox\GNU Tools ARM Embedded\5.2 2015q4\arm-none-eabi\lib\armv7e-m\fpu\libm.a(lib_a-s_sin.o)
                              ..\obj\bw_hexapod_cmd.o (sin)
C:\Softwares\CooCox\GNU Tools ARM Embedded\5.2 2015q4\arm-none-eabi\lib\armv7e-m\fpu\libm.a(lib_a-w_acos.o)
                              ..\obj\bw_hexapod_cmd.o (acos)
C:\Softwares\CooCox\GNU Tools ARM Embedded\5.2 2015q4\arm-none-eabi\lib\armv7e-m\fpu\libm.a(lib_a-w_atan2.o)
                              ..\obj\bw_mpu6050.o (atan2)
C:\Softwares\CooCox\GNU Tools ARM Embedded\5.2 2015q4\arm-none-eabi\lib\armv7e-m\fpu\libm.a(lib_a-w_pow.o)
                              ..\obj\bw_mpu6050.o (pow)
C:\Softwares\CooCox\GNU Tools ARM Embedded\5.2 2015q4\arm-none-eabi\lib\armv7e-m\fpu\libm.a(lib_a-w_sqrt.o)
                              ..\obj\bw_mpu6050.o (sqrt)
C:\Softwares\CooCox\GNU Tools ARM Embedded\5.2 2015q4\arm-none-eabi\lib\armv7e-m\fpu\libm.a(lib_a-e_acos.o)
                              C:\Softwares\CooCox\GNU Tools ARM Embedded\5.2 2015q4\arm-none-eabi\lib\armv7e-m\fpu\libm.a(lib_a-w_acos.o) (__ieee754_acos)
C:\Softwares\CooCox\GNU Tools ARM Embedded\5.2 2015q4\arm-none-eabi\lib\armv7e-m\fpu\libm.a(lib_a-e_atan2.o)
                              C:\Softwares\CooCox\GNU Tools ARM Embedded\5.2 2015q4\arm-none-eabi\lib\armv7e-m\fpu\libm.a(lib_a-w_atan2.o) (__ieee754_atan2)
C:\Softwares\CooCox\GNU Tools ARM Embedded\5.2 2015q4\arm-none-eabi\lib\armv7e-m\fpu\libm.a(lib_a-e_pow.o)
                              C:\Softwares\CooCox\GNU Tools ARM Embedded\5.2 2015q4\arm-none-eabi\lib\armv7e-m\fpu\libm.a(lib_a-w_pow.o) (__ieee754_pow)
C:\Softwares\CooCox\GNU Tools ARM Embedded\5.2 2015q4\arm-none-eabi\lib\armv7e-m\fpu\libm.a(lib_a-e_rem_pio2.o)
                              C:\Softwares\CooCox\GNU Tools ARM Embedded\5.2 2015q4\arm-none-eabi\lib\armv7e-m\fpu\libm.a(lib_a-s_cos.o) (__ieee754_rem_pio2)
C:\Softwares\CooCox\GNU Tools ARM Embedded\5.2 2015q4\arm-none-eabi\lib\armv7e-m\fpu\libm.a(lib_a-e_sqrt.o)
                              C:\Softwares\CooCox\GNU Tools ARM Embedded\5.2 2015q4\arm-none-eabi\lib\armv7e-m\fpu\libm.a(lib_a-w_sqrt.o) (__ieee754_sqrt)
C:\Softwares\CooCox\GNU Tools ARM Embedded\5.2 2015q4\arm-none-eabi\lib\armv7e-m\fpu\libm.a(lib_a-k_cos.o)
                              C:\Softwares\CooCox\GNU Tools ARM Embedded\5.2 2015q4\arm-none-eabi\lib\armv7e-m\fpu\libm.a(lib_a-s_cos.o) (__kernel_cos)
C:\Softwares\CooCox\GNU Tools ARM Embedded\5.2 2015q4\arm-none-eabi\lib\armv7e-m\fpu\libm.a(lib_a-k_rem_pio2.o)
                              C:\Softwares\CooCox\GNU Tools ARM Embedded\5.2 2015q4\arm-none-eabi\lib\armv7e-m\fpu\libm.a(lib_a-e_rem_pio2.o) (__kernel_rem_pio2)
C:\Softwares\CooCox\GNU Tools ARM Embedded\5.2 2015q4\arm-none-eabi\lib\armv7e-m\fpu\libm.a(lib_a-k_sin.o)
                              C:\Softwares\CooCox\GNU Tools ARM Embedded\5.2 2015q4\arm-none-eabi\lib\armv7e-m\fpu\libm.a(lib_a-s_cos.o) (__kernel_sin)
C:\Softwares\CooCox\GNU Tools ARM Embedded\5.2 2015q4\arm-none-eabi\lib\armv7e-m\fpu\libm.a(lib_a-s_finite.o)
                              C:\Softwares\CooCox\GNU Tools ARM Embedded\5.2 2015q4\arm-none-eabi\lib\armv7e-m\fpu\libm.a(lib_a-w_pow.o) (finite)
C:\Softwares\CooCox\GNU Tools ARM Embedded\5.2 2015q4\arm-none-eabi\lib\armv7e-m\fpu\libm.a(lib_a-s_floor.o)
                              C:\Softwares\CooCox\GNU Tools ARM Embedded\5.2 2015q4\arm-none-eabi\lib\armv7e-m\fpu\libm.a(lib_a-k_rem_pio2.o) (floor)
C:\Softwares\CooCox\GNU Tools ARM Embedded\5.2 2015q4\arm-none-eabi\lib\armv7e-m\fpu\libm.a(lib_a-s_lib_ver.o)
                              C:\Softwares\CooCox\GNU Tools ARM Embedded\5.2 2015q4\arm-none-eabi\lib\armv7e-m\fpu\libm.a(lib_a-w_acos.o) (__fdlib_version)
C:\Softwares\CooCox\GNU Tools ARM Embedded\5.2 2015q4\arm-none-eabi\lib\armv7e-m\fpu\libm.a(lib_a-s_matherr.o)
[...]
Memory Configuration

Name             Origin             Length             Attributes
rom              0x08000000         0x00100000         xr
ram              0x20000000         0x00020000         xrw
ram1             0x10000000         0x00010000         xrw
*default*        0x00000000         0xffffffff

Linker script and memory map

                0x20020000                _eram = 0x20020000

.text           0x08000000    0x29a88
 *(.isr_vector)
 .isr_vector    0x08000000      0x188 ..\obj\startup_stm32f4xx.o
                0x08000000                g_pfnVectors
 *(.text*)
 .text.USART1_Init
                0x08000188       0xcc ..\obj\bw_usart_comm.o
                0x08000188                USART1_Init
 .text.USART1_IRQHandler
                0x08000254      0x100 ..\obj\bw_usart_comm.o
                0x08000254                USART1_IRQHandler
 .text.USART2_Init
                0x08000354       0xd0 ..\obj\bw_usart_comm.o
                0x08000354                USART2_Init
 .text.USART2_IRQHandler
                0x08000424       0x84 ..\obj\bw_usart_comm.o
                0x08000424                USART2_IRQHandler
 .text.UART4_Init
                0x080004a8       0xd0 ..\obj\bw_usart_comm.o
                0x080004a8                UART4_Init
 .text.UART4_IRQHandler
                0x08000578       0x18 ..\obj\bw_usart_comm.o
                0x08000578                UART4_IRQHandler
 .text.UART5_Init
                0x08000590      0x104 ..\obj\bw_usart_comm.o
                0x08000590                UART5_Init
 .text.UART5_IRQHandler
                0x08000694      0x214 ..\obj\bw_usart_comm.o
                0x08000694                UART5_IRQHandler
 .text.USART6_Init
                0x080008a8       0xcc ..\obj\bw_usart_comm.o
                0x080008a8                USART6_Init
 .text.USART6_IRQHandler
                0x08000974       0xa4 ..\obj\bw_usart_comm.o
                0x08000974                USART6_IRQHandler
 .text.Sendto_PC
                0x08000a18       0x18 ..\obj\bw_usart_comm.o
                0x08000a18                Sendto_PC
 .text.TCS3200_Transmit
                0x08000a30       0x30 ..\obj\bw_usart_comm.o
                0x08000a30                TCS3200_Transmit
 .text.Send_FlameSense
                0x08000a60       0x50 ..\obj\bw_usart_comm.o
                0x08000a60                Send_FlameSense
 .text.Display_FlameSense
                0x08000ab0      0x2b8 ..\obj\bw_usart_comm.o
                0x08000ab0                Display_FlameSense
 .text.USART_Init
                0x08000d68      0x178 ..\obj\stm32f4xx_usart.o
                0x08000d68                USART_Init
 .text.USART_Cmd
                0x08000ee0       0x40 ..\obj\stm32f4xx_usart.o
                0x08000ee0                USART_Cmd
 .text.USART_SendData
                0x08000f20       0x24 ..\obj\stm32f4xx_usart.o
                0x08000f20                USART_SendData
 .text.USART_ITConfig
                0x08000f44       0x90 ..\obj\stm32f4xx_usart.o
                0x08000f44                USART_ITConfig
 .text.USART_GetFlagStatus
                0x08000fd4       0x38 ..\obj\stm32f4xx_usart.o
                0x08000fd4                USART_GetFlagStatus
 .text.USART_GetITStatus
                0x0800100c       0xb8 ..\obj\stm32f4xx_usart.o
                0x0800100c                USART_GetITStatus
 .text.BW_Servo_Initialization
                0x080010c4       0x1c ..\obj\bw_hexapod_cmd.o
                0x080010c4                BW_Servo_Initialization
 .text.Servo_TIM_Init
                0x080010e0       0x34 ..\obj\bw_hexapod_cmd.o
                0x080010e0                Servo_TIM_Init
 .text.Servo_TIM_Init2
                0x08001114       0x30 ..\obj\bw_hexapod_cmd.o
                0x08001114                Servo_TIM_Init2
 .text.Servo_Interrupt_Init
                0x08001144       0xcc ..\obj\bw_hexapod_cmd.o
                0x08001144                Servo_Interrupt_Init
 .text.Servo_Interrupt_Init2
                0x08001210       0xe4 ..\obj\bw_hexapod_cmd.o
                0x08001210                Servo_Interrupt_Init2
 .text.Servo_GPIO_Init
                0x080012f4       0xa8 ..\obj\bw_hexapod_cmd.o
                0x080012f4                Servo_GPIO_Init
 .text.TIM3_IRQHandler
                0x0800139c      0x1e0 ..\obj\bw_hexapod_cmd.o
                0x0800139c                TIM3_IRQHandler
 .text.TIM2_IRQHandler
                0x0800157c      0x1f4 ..\obj\bw_hexapod_cmd.o
                0x0800157c                TIM2_IRQHandler
 .text.generate_movement_data
                0x08001770      0x328 ..\obj\bw_hexapod_cmd.o
                0x08001770                generate_movement_data
 .text.inv_kine
                0x08001a98      0x360 ..\obj\bw_hexapod_cmd.o
                0x08001a98                inv_kine
 .text.servo_lin_func
                0x08001df8       0x70 ..\obj\bw_hexapod_cmd.o
                0x08001df8                servo_lin_func
 .text.mov_static
                0x08001e68       0xdc ..\obj\bw_hexapod_cmd.o
                0x08001e68                mov_static
 .text.mov_fwd_5cm
                0x08001f44      0x868 ..\obj\bw_hexapod_cmd.o
                0x08001f44                mov_fwd_5cm
 .text.mov_fwd_3cm
                0x080027ac      0x69c ..\obj\bw_hexapod_cmd.o
                0x080027ac                mov_fwd_3cm
 .text.mov_fwd_2cm
                0x08002e48      0x694 ..\obj\bw_hexapod_cmd.o
                0x08002e48                mov_fwd_2cm
 .text.mov_bwd  0x080034dc      0x6e8 ..\obj\bw_hexapod_cmd.o
                0x080034dc                mov_bwd
 .text.mov_bwd_5cm
                0x08003bc4      0x6a0 ..\obj\bw_hexapod_cmd.o
                0x08003bc4                mov_bwd_5cm
 .text.mov_bwd_3cm
                0x08004264      0x6a0 ..\obj\bw_hexapod_cmd.o
                0x08004264                mov_bwd_3cm
 .text.mov_rot_right
                0x08004904      0x92c ..\obj\bw_hexapod_cmd.o
                0x08004904                mov_rot_right
 .text.mov_rot_right_reverse
                0x08005230      0x934 ..\obj\bw_hexapod_cmd.o
                0x08005230                mov_rot_right_reverse
 .text.mov_rot_left
                0x08005b64      0x92c ..\obj\bw_hexapod_cmd.o
                0x08005b64                mov_rot_left
 .text.mov_curve_right_reverse
                0x08006490      0x718 ..\obj\bw_hexapod_cmd.o
                0x08006490                mov_curve_right_reverse
 .text.mov_curve_left_reverse
                0x08006ba8      0x76c ..\obj\bw_hexapod_cmd.o
                0x08006ba8                mov_curve_left_reverse
 .text.mov_celebrate
                0x08007314      0x390 ..\obj\bw_hexapod_cmd.o
                0x08007314                mov_celebrate
 .text.mov_deflect_right
                0x080076a4      0x360 ..\obj\bw_hexapod_cmd.o
                0x080076a4                mov_deflect_right
 .text.mov_deflect_left
                0x08007a04      0x360 ..\obj\bw_hexapod_cmd.o
                0x08007a04                mov_deflect_left
 .text.RotSwitch_Init
                0x08007d64       0xb8 ..\obj\bw_rotary_switch.o
                0x08007d64                RotSwitch_Init
 .text.RotSwitch_Sampling
                0x08007e1c      0x104 ..\obj\bw_rotary_switch.o
                0x08007e1c                RotSwitch_Sampling
 .text.Display_MODE
                0x08007f20      0x194 ..\obj\bw_rotary_switch.o
                0x08007f20                Display_MODE
 .text.Button_Init
                0x080080b4       0x10 ..\obj\bw_user_interface.o
                0x080080b4                Button_Init
 .text.StartButton_Init
                0x080080c4       0x40 ..\obj\bw_user_interface.o
                0x080080c4                StartButton_Init
 .text.UserButton_Init
                0x08008104       0x74 ..\obj\bw_user_interface.o
                0x08008104                UserButton_Init
 .text.Buzzer_Init
                0x08008178       0x40 ..\obj\bw_user_interface.o
                0x08008178                Buzzer_Init
 .text.BW_Buzz  0x080081b8       0xa4 ..\obj\bw_user_interface.o
                0x080081b8                BW_Buzz
 .text.FIRE_LED_Init
                0x0800825c       0x40 ..\obj\bw_user_interface.o
                0x0800825c                FIRE_LED_Init
 .text.BW_LED_Interrupt_Init
                0x0800829c       0x68 ..\obj\bw_user_interface.o
                0x0800829c                BW_LED_Interrupt_Init
 .text.TIM5_IRQHandler
                0x08008304       0xfc ..\obj\bw_user_interface.o
                0x08008304                TIM5_IRQHandler
 .text.Default_Reset_Handler
                0x08008400       0x6c ..\obj\startup_stm32f4xx.o
                0x08008400                Default_Reset_Handler
                0x08008400                Reset_Handler
 .text.Default_Handler
                0x0800846c        0x8 ..\obj\startup_stm32f4xx.o
                0x0800846c                RTC_Alarm_IRQHandler
                0x0800846c                HASH_RNG_IRQHandler
                0x0800846c                EXTI2_IRQHandler
                0x0800846c                TIM8_CC_IRQHandler
                0x0800846c                DebugMon_Handler
                0x0800846c                TIM1_CC_IRQHandler
                0x0800846c                DMA2_Stream5_IRQHandler
                0x0800846c                HardFault_Handler
                0x0800846c                DMA1_Stream5_IRQHandler
                0x0800846c                PVD_IRQHandler
                0x0800846c                SDIO_IRQHandler
                0x0800846c                TAMP_STAMP_IRQHandler
                0x0800846c                PendSV_Handler
                0x0800846c                NMI_Handler
                0x0800846c                CAN2_RX1_IRQHandler
                0x0800846c                EXTI3_IRQHandler
                0x0800846c                TIM8_TRG_COM_TIM14_IRQHandler
                0x0800846c                TIM1_UP_TIM10_IRQHandler
                0x0800846c                TIM8_UP_TIM13_IRQHandler
                0x0800846c                I2C3_ER_IRQHandler
                0x0800846c                EXTI0_IRQHandler
                0x0800846c                I2C2_EV_IRQHandler
                0x0800846c                DMA1_Stream2_IRQHandler
                0x0800846c                CAN1_RX0_IRQHandler
                0x0800846c                FPU_IRQHandler
                0x0800846c                OTG_HS_WKUP_IRQHandler
                0x0800846c                UsageFault_Handler
                0x0800846c                CAN2_SCE_IRQHandler
                0x0800846c                DMA2_Stream2_IRQHandler
                0x0800846c                SPI1_IRQHandler
                0x0800846c                TIM6_DAC_IRQHandler
                0x0800846c                TIM1_BRK_TIM9_IRQHandler
                0x0800846c                DCMI_IRQHandler
                0x0800846c                CAN2_RX0_IRQHandler
                0x0800846c                DMA2_Stream3_IRQHandler
                0x0800846c                CRYP_IRQHandler
                0x0800846c                CAN1_RX1_IRQHandler
                0x0800846c                DMA2_Stream0_IRQHandler
                0x0800846c                TIM4_IRQHandler
                0x0800846c                I2C1_EV_IRQHandler
                0x0800846c                DMA1_Stream6_IRQHandler
                0x0800846c                DMA1_Stream1_IRQHandler
                0x0800846c                RCC_IRQHandler
                0x0800846c                TIM8_BRK_TIM12_IRQHandler
                0x0800846c                EXTI15_10_IRQHandler
                0x0800846c                ADC_IRQHandler
                0x0800846c                DMA1_Stream7_IRQHandler
                0x0800846c                TIM7_IRQHandler
                0x0800846c                CAN2_TX_IRQHandler
                0x0800846c                DMA2_Stream7_IRQHandler
                0x0800846c                I2C3_EV_IRQHandler
                0x0800846c                EXTI9_5_IRQHandler
                0x0800846c                RTC_WKUP_IRQHandler
                0x0800846c                ETH_WKUP_IRQHandler
                0x0800846c                SPI2_IRQHandler
                0x0800846c                OTG_HS_EP1_IN_IRQHandler
                0x0800846c                MemManage_Handler
                0x0800846c                DMA1_Stream0_IRQHandler
                0x0800846c                CAN1_TX_IRQHandler
                0x0800846c                SVC_Handler
                0x0800846c                EXTI4_IRQHandler
                0x0800846c                FSMC_IRQHandler
                0x0800846c                ETH_IRQHandler
                0x0800846c                OTG_HS_EP1_OUT_IRQHandler
                0x0800846c                WWDG_IRQHandler
                0x0800846c                OTG_FS_WKUP_IRQHandler
                0x0800846c                TIM1_TRG_COM_TIM11_IRQHandler
                0x0800846c                OTG_HS_IRQHandler
                0x0800846c                EXTI1_IRQHandler
                0x0800846c                I2C2_ER_IRQHandler
                0x0800846c                DMA2_Stream1_IRQHandler
                0x0800846c                CAN1_SCE_IRQHandler
                0x0800846c                FLASH_IRQHandler
                0x0800846c                DMA2_Stream4_IRQHandler
                0x0800846c                BusFault_Handler
                0x0800846c                OTG_FS_IRQHandler
                0x0800846c                SPI3_IRQHandler
                0x0800846c                DMA1_Stream4_IRQHandler
                0x0800846c                I2C1_ER_IRQHandler
                0x0800846c                DMA2_Stream6_IRQHandler
                0x0800846c                DMA1_Stream3_IRQHandler
 .text.main     0x08008474      0x43c ..\obj\main.o
                0x08008474                main
 .text.BW_Initialization
                0x080088b0      0x218 ..\obj\main.o
                0x080088b0                BW_Initialization
 .text.RCC_GetClocksFreq
                0x08008ac8      0x154 ..\obj\stm32f4xx_rcc.o
                0x08008ac8                RCC_GetClocksFreq
 .text.RCC_AHB1PeriphClockCmd
                0x08008c1c       0x40 ..\obj\stm32f4xx_rcc.o
                0x08008c1c                RCC_AHB1PeriphClockCmd
 .text.RCC_APB1PeriphClockCmd
                0x08008c5c       0x40 ..\obj\stm32f4xx_rcc.o
                0x08008c5c                RCC_APB1PeriphClockCmd
 .text.RCC_APB2PeriphClockCmd
                0x08008c9c       0x40 ..\obj\stm32f4xx_rcc.o
                0x08008c9c                RCC_APB2PeriphClockCmd
 .text.USART3_Init
                0x08008cdc       0xd0 ..\obj\bw_ping_receiver.o
                0x08008cdc                USART3_Init
 .text.USART3_IRQHandler
                0x08008dac      0x154 ..\obj\bw_ping_receiver.o
                0x08008dac                USART3_IRQHandler
 .text.Display_Ping_Status
                0x08008f00      0x144 ..\obj\bw_ping_receiver.o
                0x08008f00                Display_Ping_Status
 .text.Send_Ping_Status
                0x08009044       0x5c ..\obj\bw_ping_receiver.o
                0x08009044                Send_Ping_Status
 .text.BW_Sound_Activation_Init
                0x080090a0       0x40 ..\obj\bw_sound_activation.o
                0x080090a0                BW_Sound_Activation_Init
 .text.PushTo_Burst
                0x080090e0       0xe8 ..\obj\bw_extinguisher.o
                0x080090e0                PushTo_Burst
 .text.ADC_Init
                0x080091c8       0xac ..\obj\stm32f4xx_adc.o
                0x080091c8                ADC_Init
 .text.ADC_CommonInit
                0x08009274       0x50 ..\obj\stm32f4xx_adc.o
                0x08009274                ADC_CommonInit
 .text.ADC_Cmd  0x080092c4       0x38 ..\obj\stm32f4xx_adc.o
                0x080092c4                ADC_Cmd
 .text.ADC_RegularChannelConfig
                0x080092fc      0x194 ..\obj\stm32f4xx_adc.o
                0x080092fc                ADC_RegularChannelConfig
 .text.ADC_SoftwareStartConv
                0x08009490       0x20 ..\obj\stm32f4xx_adc.o
                0x08009490                ADC_SoftwareStartConv
 .text.ADC_ContinuousModeCmd
                0x080094b0       0x38 ..\obj\stm32f4xx_adc.o
                0x080094b0                ADC_ContinuousModeCmd
 .text.ADC_GetConversionValue
                0x080094e8       0x1c ..\obj\stm32f4xx_adc.o
                0x080094e8                ADC_GetConversionValue
 .text.Bumper_Init
                0x08009504       0x70 ..\obj\bw_bumper.o
                0x08009504                Bumper_Init
 .text.GetBumper
                0x08009574       0x34 ..\obj\bw_bumper.o
                0x08009574                GetBumper
 .text.Display_Bumper_Stat
                0x080095a8       0xcc ..\obj\bw_bumper.o
                0x080095a8                Display_Bumper_Stat
 .text.BW_Dimension_Check
                0x08009674       0x38 ..\obj\bw2017_algorithm.o
                0x08009674                BW_Dimension_Check
 .text.Sensor_Menu
                0x080096ac       0xec ..\obj\bw2017_algorithm.o
                0x080096ac                Sensor_Menu
 .text.Nav_Test_Menu
                0x08009798      0xf0c ..\obj\bw2017_algorithm.o
                0x08009798                Nav_Test_Menu
 .text.BW_Home_Detection_Ver2
                0x0800a6a4      0x138 ..\obj\bw2017_algorithm.o
                0x0800a6a4                BW_Home_Detection_Ver2
 .text.Escape_Home
                0x0800a7dc      0x1a4 ..\obj\bw2017_algorithm.o
                0x0800a7dc                Escape_Home
 .text.Evade_Wall
                0x0800a980      0x164 ..\obj\bw2017_algorithm.o
                0x0800a980                Evade_Wall
 .text.Evade_Wall_Room
                0x0800aae4      0x198 ..\obj\bw2017_algorithm.o
                0x0800aae4                Evade_Wall_Room
 .text.Cat_Avoider
                0x0800ac7c      0x1cc ..\obj\bw2017_algorithm.o
                0x0800ac7c                Cat_Avoider
 .text.follow_right_counter
                0x0800ae48       0x50 ..\obj\bw2017_algorithm.o
                0x0800ae48                follow_right_counter
 .text.PID_follow_right_counter
                0x0800ae98      0x340 ..\obj\bw2017_algorithm.o
                0x0800ae98                PID_follow_right_counter
 .text.follow_left_counter
                0x0800b1d8       0xdc ..\obj\bw2017_algorithm.o
                0x0800b1d8                follow_left_counter
 .text.PID_follow_left_counter
                0x0800b2b4      0x6ac ..\obj\bw2017_algorithm.o
                0x0800b2b4                PID_follow_left_counter
 .text.curve_right_counter
                0x0800b960      0xc34 ..\obj\bw2017_algorithm.o
                0x0800b960                curve_right_counter
 .text.curve_left_counter
                0x0800c594      0xc64 ..\obj\bw2017_algorithm.o
                0x0800c594                curve_left_counter
 .text.FlameSense_PID_Init
                0x0800d1f8       0xb4 ..\obj\bw2017_algorithm.o
                0x0800d1f8                FlameSense_PID_Init
 .text.FlameSense_PID_Calc
                0x0800d2ac      0x1d8 ..\obj\bw2017_algorithm.o
                0x0800d2ac                FlameSense_PID_Calc
 .text.Rot_Right_PID
                0x0800d484      0x668 ..\obj\bw2017_algorithm.o
                0x0800d484                Rot_Right_PID
 .text.Rot_Left_PID
                0x0800daec      0x668 ..\obj\bw2017_algorithm.o
                0x0800daec                Rot_Left_PID
 .text.BW_FlameScanning
                0x0800e154      0x654 ..\obj\bw2017_algorithm.o
                0x0800e154                BW_FlameScanning
 .text.BW_FlameExtinguish
                0x0800e7a8      0x774 ..\obj\bw2017_algorithm.o
                0x0800e7a8                BW_FlameExtinguish
 .text.FlameTracking_New
                0x0800ef1c       0xdc ..\obj\bw2017_algorithm.o
                0x0800ef1c                FlameTracking_New
 .text.PID_FlameTracking_New
                0x0800eff8      0x1cc ..\obj\bw2017_algorithm.o
                0x0800eff8                PID_FlameTracking_New
 .text.FlameApproach
                0x0800f1c4       0x24 ..\obj\bw2017_algorithm.o
                0x0800f1c4                FlameApproach
 .text.PID_FlameApproach
                0x0800f1e8      0x1fc ..\obj\bw2017_algorithm.o
                0x0800f1e8                PID_FlameApproach
 .text.CurveRight_FlameApproach
                0x0800f3e4      0xa40 ..\obj\bw2017_algorithm.o
                0x0800f3e4                CurveRight_FlameApproach
 .text.CurveLeft_FlameApproach
                0x0800fe24      0xa18 ..\obj\bw2017_algorithm.o
                0x0800fe24                CurveLeft_FlameApproach
 .text.FollowTracer_Right
                0x0801083c      0x15c ..\obj\bw2017_algorithm.o
                0x0801083c                FollowTracer_Right
 .text.PID_FollowTracer_Right
                0x08010998      0x72c ..\obj\bw2017_algorithm.o
                0x08010998                PID_FollowTracer_Right
 .text.FollowTracer_Left
                0x080110c4       0xf0 ..\obj\bw2017_algorithm.o
                0x080110c4                FollowTracer_Left
 .text.PID_FollowTracer_Left
                0x080111b4      0x6d4 ..\obj\bw2017_algorithm.o
                0x080111b4                PID_FollowTracer_Left
 .text.FollowCarpet_Right
                0x08011888      0x1e4 ..\obj\bw2017_algorithm.o
                0x08011888                FollowCarpet_Right
 .text.PID_FollowCarpet_Right
                0x08011a6c      0x6c4 ..\obj\bw2017_algorithm.o
                0x08011a6c                PID_FollowCarpet_Right
 .text.FollowCarpet_Left
                0x08012130      0x1fc ..\obj\bw2017_algorithm.o
                0x08012130                FollowCarpet_Left
 .text.PID_FollowCarpet_Left
                0x0801232c      0x6a0 ..\obj\bw2017_algorithm.o
                0x0801232c                PID_FollowCarpet_Left
 .text.FollowHome_Right
                0x080129cc       0xcc ..\obj\bw2017_algorithm.o
                0x080129cc                FollowHome_Right
 .text.PID_FollowHome_Right
                0x08012a98      0x3cc ..\obj\bw2017_algorithm.o
                0x08012a98                PID_FollowHome_Right
 .text.FollowHome_Left
                0x08012e64       0xcc ..\obj\bw2017_algorithm.o
                0x08012e64                FollowHome_Left
 .text.PID_FollowHome_Left
                0x08012f30      0x3a0 ..\obj\bw2017_algorithm.o
                0x08012f30                PID_FollowHome_Left
 .text.RoomTypeDetector
                0x080132d0      0x238 ..\obj\bw2017_algorithm.o
                0x080132d0                RoomTypeDetector
 .text.RoomDetector
                0x08013508      0x5f0 ..\obj\bw2017_algorithm.o
                0x08013508                RoomDetector
 .text.UVLock_Refresh
                0x08013af8       0x24 ..\obj\bw2017_algorithm.o
                0x08013af8                UVLock_Refresh
 .text.BW_Navi  0x08013b1c      0x5d4 ..\obj\bw2017_algorithm.o
                0x08013b1c                BW_Navi
 .text.Nav_HallwaySC_To_3
                0x080140f0      0x100 ..\obj\bw2017_algorithm.o
                0x080140f0                Nav_HallwaySC_To_3
 .text.Nav_HallwaySC_To_2
                0x080141f0      0x198 ..\obj\bw2017_algorithm.o
                0x080141f0                Nav_HallwaySC_To_2
 .text.Nav_HallwaySC_To_4B
                0x08014388       0xd0 ..\obj\bw2017_algorithm.o
                0x08014388                Nav_HallwaySC_To_4B
 .text.Nav_HallwaySC_To_4A
                0x08014458      0x150 ..\obj\bw2017_algorithm.o
                0x08014458                Nav_HallwaySC_To_4A
 .text.Nav_HallwaySC_To_1B
                0x080145a8      0x1cc ..\obj\bw2017_algorithm.o
                0x080145a8                Nav_HallwaySC_To_1B
 .text.Nav_HallwaySC_To_1A
                0x08014774      0x100 ..\obj\bw2017_algorithm.o
                0x08014774                Nav_HallwaySC_To_1A
 .text.Nav_3_To_HallwaySC
                0x08014874       0xe4 ..\obj\bw2017_algorithm.o
                0x08014874                Nav_3_To_HallwaySC
 .text.Nav_3_To_2
                0x08014958      0x1a0 ..\obj\bw2017_algorithm.o
                0x08014958                Nav_3_To_2
 .text.Nav_3_To_1A
                0x08014af8      0x130 ..\obj\bw2017_algorithm.o
                0x08014af8                Nav_3_To_1A
 .text.Nav_3_To_1BC
                0x08014c28      0x168 ..\obj\bw2017_algorithm.o
                0x08014c28                Nav_3_To_1BC
 .text.Nav_3_To_4A
                0x08014d90      0x278 ..\obj\bw2017_algorithm.o
                0x08014d90                Nav_3_To_4A
 .text.Nav_3_To_4B
                0x08015008      0x184 ..\obj\bw2017_algorithm.o
                0x08015008                Nav_3_To_4B
 .text.Nav_2_To_HallwaySC
                0x0801518c      0x1d4 ..\obj\bw2017_algorithm.o
                0x0801518c                Nav_2_To_HallwaySC
 .text.Nav_2A_To_1BC
                0x08015360      0x100 ..\obj\bw2017_algorithm.o
                0x08015360                Nav_2A_To_1BC
 .text.Nav_2B_To_1BC
                0x08015460      0x118 ..\obj\bw2017_algorithm.o
                0x08015460                Nav_2B_To_1BC
 .text.Nav_2_To_3
                0x08015578      0x1d8 ..\obj\bw2017_algorithm.o
                0x08015578                Nav_2_To_3
 .text.Nav_2_To_4A
                0x08015750      0x440 ..\obj\bw2017_algorithm.o
                0x08015750                Nav_2_To_4A
 .text.Nav_2_To_4B
                0x08015b90      0x1cc ..\obj\bw2017_algorithm.o
                0x08015b90                Nav_2_To_4B
 .text.Nav_2_To_1A
                0x08015d5c       0xd8 ..\obj\bw2017_algorithm.o
                0x08015d5c                Nav_2_To_1A
 .text.Nav_1A_To_HallwaySC
                0x08015e34      0x578 ..\obj\bw2017_algorithm.o
                0x08015e34                Nav_1A_To_HallwaySC
 .text.Nav_1A_To_2
                0x080163ac      0x28c ..\obj\bw2017_algorithm.o
                0x080163ac                Nav_1A_To_2
 .text.Nav_1A_To_3
                0x08016638      0x320 ..\obj\bw2017_algorithm.o
                0x08016638                Nav_1A_To_3
 .text.Nav_1A_To_4B
                0x08016958      0x1e8 ..\obj\bw2017_algorithm.o
                0x08016958                Nav_1A_To_4B
 .text.Nav_1A_To_4A
                0x08016b40      0x318 ..\obj\bw2017_algorithm.o
                0x08016b40                Nav_1A_To_4A
 .text.Nav_1C_To_HallwaySC
                0x08016e58      0x160 ..\obj\bw2017_algorithm.o
                0x08016e58                Nav_1C_To_HallwaySC
 .text.Nav_1C_To_2
                0x08016fb8       0xf0 ..\obj\bw2017_algorithm.o
                0x08016fb8                Nav_1C_To_2
 .text.Nav_1B_To_2
                0x080170a8      0x1bc ..\obj\bw2017_algorithm.o
                0x080170a8                Nav_1B_To_2
 .text.Nav_1C_To_3
                0x08017264      0x150 ..\obj\bw2017_algorithm.o
                0x08017264                Nav_1C_To_3
 .text.Nav_1C_To_4A
                0x080173b4      0x2c8 ..\obj\bw2017_algorithm.o
                0x080173b4                Nav_1C_To_4A
 .text.Nav_1C_To_4B
                0x0801767c      0x1e8 ..\obj\bw2017_algorithm.o
                0x0801767c                Nav_1C_To_4B
 .text.Nav_4A_To_HallwaySC
                0x08017864      0x23c ..\obj\bw2017_algorithm.o
                0x08017864                Nav_4A_To_HallwaySC
 .text.Nav_4A_To_3
                0x08017aa0      0x594 ..\obj\bw2017_algorithm.o
                0x08017aa0                Nav_4A_To_3
 .text.Nav_4A_To_1A
                0x08018034      0x260 ..\obj\bw2017_algorithm.o
                0x08018034                Nav_4A_To_1A
 .text.Nav_4A_To_2
                0x08018294      0x2e8 ..\obj\bw2017_algorithm.o
                0x08018294                Nav_4A_To_2
 .text.Nav_4B_To_HallwaySC
                0x0801857c       0xe8 ..\obj\bw2017_algorithm.o
                0x0801857c                Nav_4B_To_HallwaySC
 .text.Nav_4B_To_1A
                0x08018664      0x14c ..\obj\bw2017_algorithm.o
                0x08018664                Nav_4B_To_1A
 .text.Nav_4B_To_1BC
                0x080187b0       0xfc ..\obj\bw2017_algorithm.o
                0x080187b0                Nav_4B_To_1BC
 .text.Nav_4B_To_2
                0x080188ac      0x148 ..\obj\bw2017_algorithm.o
                0x080188ac                Nav_4B_To_2
 .text.Nav_4B_To_3
                0x080189f4      0x14c ..\obj\bw2017_algorithm.o
                0x080189f4                Nav_4B_To_3
 .text.TCSlave_Check
                0x08018b40       0xc8 ..\obj\bw2017_algorithm.o
                0x08018b40                TCSlave_Check
 .text.HomeCircle_Detector
                0x08018c08       0x20 ..\obj\bw2017_algorithm.o
                0x08018c08                HomeCircle_Detector
 .text.Exit_No_Fire
                0x08018c28      0x7a4 ..\obj\bw2017_algorithm.o
                0x08018c28                Exit_No_Fire
 .text.BW_ReturnTrip
                0x080193cc      0xb14 ..\obj\bw2017_algorithm.o
                0x080193cc                BW_ReturnTrip
 .text.BW_CandleScan
                0x08019ee0      0x9b0 ..\obj\bw2017_algorithm.o
                0x08019ee0                BW_CandleScan
 .text.FireFight_FrontDetector
                0x0801a890       0x28 ..\obj\bw2017_algorithm.o
                0x0801a890                FireFight_FrontDetector
 .text.FireFight_FlameDetector
                0x0801a8b8       0x44 ..\obj\bw2017_algorithm.o
                0x0801a8b8                FireFight_FlameDetector
 .text.FireFight_CandleStickDetector
                0x0801a8fc       0xa0 ..\obj\bw2017_algorithm.o
                0x0801a8fc                FireFight_CandleStickDetector
 .text.FireFight_CandleFireDetector
                0x0801a99c       0x30 ..\obj\bw2017_algorithm.o
                0x0801a99c                FireFight_CandleFireDetector
 .text.BW_FlameFollowDemo
                0x0801a9cc      0xc88 ..\obj\bw2017_algorithm.o
                0x0801a9cc                BW_FlameFollowDemo
 .text.Nav_TurnAround
                0x0801b654      0x140 ..\obj\bw2017_algorithm.o
                0x0801b654                Nav_TurnAround
 .text.BW_BLDC_Extinguish
                0x0801b794      0x588 ..\obj\bw2017_algorithm.o
                0x0801b794                BW_BLDC_Extinguish
 .text.FlameSenseDigi_PID_Init
                0x0801bd1c       0xb4 ..\obj\bw2017_algorithm.o
                0x0801bd1c                FlameSenseDigi_PID_Init
 .text.FlameSense_PID_Calc_Ver3
                0x0801bdd0      0x1d8 ..\obj\bw2017_algorithm.o
                0x0801bdd0                FlameSense_PID_Calc_Ver3
 .text.FlameTracking_Ver3
                0x0801bfa8       0xcc ..\obj\bw2017_algorithm.o
                0x0801bfa8                FlameTracking_Ver3
 .text.PID_FlameTracking_Ver3
                0x0801c074      0x19c ..\obj\bw2017_algorithm.o
                0x0801c074                PID_FlameTracking_Ver3
 .text.FlameApproach_Ver2
                0x0801c210       0x18 ..\obj\bw2017_algorithm.o
                0x0801c210                FlameApproach_Ver2
 .text.PID_FlameApproach_Ver2
                0x0801c228      0x1ec ..\obj\bw2017_algorithm.o
                0x0801c228                PID_FlameApproach_Ver2
 .text.BW_FireFight_Ver5
                0x0801c414      0x604 ..\obj\bw2017_algorithm.o
                0x0801c414                BW_FireFight_Ver5
 .text.H_2017_Algorithm
                0x0801ca18      0x5a8 ..\obj\bw2017_algorithm.o
                0x0801ca18                H_2017_Algorithm
 .text.H_2017_Room
                0x0801cfc0      0x818 ..\obj\bw2017_algorithm.o
                0x0801cfc0                H_2017_Room
 .text.H_ROOM_1A
                0x0801d7d8      0x164 ..\obj\bw2017_algorithm.o
                0x0801d7d8                H_ROOM_1A
 .text.H_ROOM_1BC
                0x0801d93c      0x158 ..\obj\bw2017_algorithm.o
                0x0801d93c                H_ROOM_1BC
 .text.H_ROOM_1BC_SP
                0x0801da94      0x15c ..\obj\bw2017_algorithm.o
                0x0801da94                H_ROOM_1BC_SP
 .text.H_ROOM_2
                0x0801dbf0      0x190 ..\obj\bw2017_algorithm.o
                0x0801dbf0                H_ROOM_2
 .text.H_ROOM_3
                0x0801dd80      0x17c ..\obj\bw2017_algorithm.o
                0x0801dd80                H_ROOM_3
 .text.H_ROOM_4A
                0x0801defc      0x19c ..\obj\bw2017_algorithm.o
                0x0801defc                H_ROOM_4A
 .text.H_ROOM_4B
                0x0801e098      0x184 ..\obj\bw2017_algorithm.o
                0x0801e098                H_ROOM_4B
 .text.H_Correction_Left
                0x0801e21c       0x2c ..\obj\bw2017_algorithm.o
                0x0801e21c                H_Correction_Left
 .text.H_Correction_Right
                0x0801e248       0x2c ..\obj\bw2017_algorithm.o
                0x0801e248                H_Correction_Right
 .text.Bumper_Action
                0x0801e274       0x80 ..\obj\bw2017_algorithm.o
                0x0801e274                Bumper_Action
 .text.BW_BLDC_Init
                0x0801e2f4       0x18 ..\obj\bw_bldc_fan.o
                0x0801e2f4                BW_BLDC_Init
 .text.BW_BLDC_Fight
                0x0801e30c       0x24 ..\obj\bw_bldc_fan.o
                0x0801e30c                BW_BLDC_Fight
 .text.TIM4_PWM_Init
                0x0801e330       0xb4 ..\obj\bw_bldc_fan.o
                0x0801e330                TIM4_PWM_Init
 .text.IR_Proximity_Init
                0x0801e3e4       0xa8 ..\obj\bw_infrared_proximity.o
                0x0801e3e4                IR_Proximity_Init
 .text.Get_IR   0x0801e48c       0x90 ..\obj\bw_infrared_proximity.o
                0x0801e48c                Get_IR
 .text.Display_IR_Stat
                0x0801e51c      0x128 ..\obj\bw_infrared_proximity.o
                0x0801e51c                Display_IR_Stat
 .text.BW_PID_Init
                0x0801e644      0x2b8 ..\obj\bw_pid_controller.o
                0x0801e644                BW_PID_Init
 .text.PID_Calc_RightRule
                0x0801e8fc      0x1d8 ..\obj\bw_pid_controller.o
                0x0801e8fc                PID_Calc_RightRule
 .text.PID_Calc_LeftRule
                0x0801ead4      0x1d8 ..\obj\bw_pid_controller.o
                0x0801ead4                PID_Calc_LeftRule
 .text.BW_Initial_Setup
                0x0801ecac       0xb0 ..\obj\bw_utilities.o
                0x0801ecac                BW_Initial_Setup
 .text.GPIO_Init
                0x0801ed5c      0x11c ..\obj\stm32f4xx_gpio.o
                0x0801ed5c                GPIO_Init
 .text.GPIO_ReadInputDataBit
                0x0801ee78       0x34 ..\obj\stm32f4xx_gpio.o
                0x0801ee78                GPIO_ReadInputDataBit
 .text.GPIO_SetBits
                0x0801eeac       0x20 ..\obj\stm32f4xx_gpio.o
                0x0801eeac                GPIO_SetBits
 .text.GPIO_ResetBits
                0x0801eecc       0x20 ..\obj\stm32f4xx_gpio.o
                0x0801eecc                GPIO_ResetBits
 .text.GPIO_PinAFConfig
                0x0801eeec       0x94 ..\obj\stm32f4xx_gpio.o
                0x0801eeec                GPIO_PinAFConfig
 .text.SystemInit
                0x0801ef80       0x6c ..\obj\system_stm32f4xx.o
                0x0801ef80                SystemInit
 .text.SetSysClock
                0x0801efec       0xf8 ..\obj\system_stm32f4xx.o
 .text._sbrk    0x0801f0e4       0x40 ..\obj\syscalls.o
                0x0801f0e4                _sbrk
 .text.Get_UV   0x0801f124       0x38 ..\obj\bw_UV-TRON.o
                0x0801f124                Get_UV
 .text.NVIC_SetPriority
                0x0801f15c       0x54 ..\obj\bw_systick_delay.o
 .text.SysTick_Config
                0x0801f1b0       0x44 ..\obj\bw_systick_delay.o
 .text.SysTick_Init
                0x0801f1f4       0x2c ..\obj\bw_systick_delay.o
                0x0801f1f4                SysTick_Init
 .text.SysTick_Handler
                0x0801f220        0xc ..\obj\bw_systick_delay.o
                0x0801f220                SysTick_Handler
 .text.TimeTick_Decrement
                0x0801f22c       0x24 ..\obj\bw_systick_delay.o
                0x0801f22c                TimeTick_Decrement
 .text.delay_us
                0x0801f250       0x28 ..\obj\bw_systick_delay.o
                0x0801f250                delay_us
 .text.delay_1ms
                0x0801f278       0x24 ..\obj\bw_systick_delay.o
                0x0801f278                delay_1ms
 .text.delay_ms
                0x0801f29c       0x20 ..\obj\bw_systick_delay.o
                0x0801f29c                delay_ms
 .text.RS_off   0x0801f2bc       0x18 ..\obj\bw_lcd.o
                0x0801f2bc                RS_off
 .text.RS_on    0x0801f2d4       0x18 ..\obj\bw_lcd.o
                0x0801f2d4                RS_on
 .text.EN_off   0x0801f2ec       0x18 ..\obj\bw_lcd.o
                0x0801f2ec                EN_off
 .text.EN_on    0x0801f304       0x18 ..\obj\bw_lcd.o
                0x0801f304                EN_on
 .text.D4_off   0x0801f31c       0x18 ..\obj\bw_lcd.o
                0x0801f31c                D4_off
 .text.D4_on    0x0801f334       0x18 ..\obj\bw_lcd.o
                0x0801f334                D4_on
 .text.D5_off   0x0801f34c       0x18 ..\obj\bw_lcd.o
                0x0801f34c                D5_off
 .text.D5_on    0x0801f364       0x18 ..\obj\bw_lcd.o
                0x0801f364                D5_on
 .text.D6_off   0x0801f37c       0x18 ..\obj\bw_lcd.o
                0x0801f37c                D6_off
 .text.D6_on    0x0801f394       0x18 ..\obj\bw_lcd.o
                0x0801f394                D6_on
 .text.D7_off   0x0801f3ac       0x18 ..\obj\bw_lcd.o
                0x0801f3ac                D7_off
 .text.D7_on    0x0801f3c4       0x18 ..\obj\bw_lcd.o
                0x0801f3c4                D7_on
 .text.lcd_write_nible
                0x0801f3dc       0x6c ..\obj\bw_lcd.o
                0x0801f3dc                lcd_write_nible
 .text.lcd_write_byte
                0x0801f448       0x34 ..\obj\bw_lcd.o
                0x0801f448                lcd_write_byte
 .text.lcd_write_cmd_nible
                0x0801f47c       0x20 ..\obj\bw_lcd.o
                0x0801f47c                lcd_write_cmd_nible
 .text.lcd_write_data_byte
                0x0801f49c       0x20 ..\obj\bw_lcd.o
                0x0801f49c                lcd_write_data_byte
 .text.lcd_write_cmd_byte
                0x0801f4bc       0x34 ..\obj\bw_lcd.o
                0x0801f4bc                lcd_write_cmd_byte
 .text.BW_LCD_Init
                0x0801f4f0       0x78 ..\obj\bw_lcd.o
                0x0801f4f0                BW_LCD_Init
 .text.lcd_putch
                0x0801f568       0x1c ..\obj\bw_lcd.o
                0x0801f568                lcd_putch
 .text.lcd_putstr
                0x0801f584       0x28 ..\obj\bw_lcd.o
                0x0801f584                lcd_putstr
 .text.lcd_gotoxy
                0x0801f5ac       0x60 ..\obj\bw_lcd.o
                0x0801f5ac                lcd_gotoxy
 .text.lcd_display_clear
                0x0801f60c       0x10 ..\obj\bw_lcd.o
                0x0801f60c                lcd_display_clear
 .text.lcd_cursor_off_blink_off
                0x0801f61c       0x18 ..\obj\bw_lcd.o
                0x0801f61c                lcd_cursor_off_blink_off
 .text.NVIC_Init
                0x0801f634       0xc4 ..\obj\misc.o
                0x0801f634                NVIC_Init
 .text.BW_CMPS11_Init
                0x0801f6f8       0x10 ..\obj\bw_cmps11.o
                0x0801f6f8                BW_CMPS11_Init
 .text.Display_TCS3200_Data
                0x0801f708      0x130 ..\obj\bw_tcs3200_receiver.o
                0x0801f708                Display_TCS3200_Data
 .text.Display_Tracer_Data
                0x0801f838       0xfc ..\obj\bw_tcs3200_receiver.o
                0x0801f838                Display_Tracer_Data
 .text.Display_TCS3200_Rule
                0x0801f934       0xac ..\obj\bw_tcs3200_receiver.o
                0x0801f934                Display_TCS3200_Rule
 .text.TCS3200_Calibration
                0x0801f9e0      0x2f4 ..\obj\bw_tcs3200_receiver.o
                0x0801f9e0                TCS3200_Calibration
 .text.TCS3200_Cal_DisplayStat
                0x0801fcd4      0x18c ..\obj\bw_tcs3200_receiver.o
                0x0801fcd4                TCS3200_Cal_DisplayStat
 .text.Tracer_Calibration
                0x0801fe60      0x264 ..\obj\bw_tcs3200_receiver.o
                0x0801fe60                Tracer_Calibration
 .text.Tracer_Cal_DisplayStat
                0x080200c4      0x134 ..\obj\bw_tcs3200_receiver.o
                0x080200c4                Tracer_Cal_DisplayStat
 .text.Hybrid_TCS3200Tracer_MainMenu
                0x080201f8      0x2b0 ..\obj\bw_tcs3200_receiver.o
                0x080201f8                Hybrid_TCS3200Tracer_MainMenu
 .text.Display_Threshold
                0x080204a8       0xf8 ..\obj\bw_tcs3200_receiver.o
                0x080204a8                Display_Threshold
 .text.TIM_TimeBaseInit
                0x080205a0       0xd8 ..\obj\stm32f4xx_tim.o
                0x080205a0                TIM_TimeBaseInit
 .text.TIM_Cmd  0x08020678       0x40 ..\obj\stm32f4xx_tim.o
                0x08020678                TIM_Cmd
 .text.TIM_OC1Init
                0x080206b8       0xf4 ..\obj\stm32f4xx_tim.o
                0x080206b8                TIM_OC1Init
 .text.TIM_OC2Init
                0x080207ac      0x110 ..\obj\stm32f4xx_tim.o
                0x080207ac                TIM_OC2Init
 .text.TIM_OC3Init
                0x080208bc      0x10c ..\obj\stm32f4xx_tim.o
                0x080208bc                TIM_OC3Init
 .text.TIM_OC1PreloadConfig
                0x080209c8       0x38 ..\obj\stm32f4xx_tim.o
                0x080209c8                TIM_OC1PreloadConfig
 .text.TIM_OC2PreloadConfig
                0x08020a00       0x3c ..\obj\stm32f4xx_tim.o
                0x08020a00                TIM_OC2PreloadConfig
 .text.TIM_OC3PreloadConfig
                0x08020a3c       0x38 ..\obj\stm32f4xx_tim.o
                0x08020a3c                TIM_OC3PreloadConfig
 .text.TIM_ITConfig
                0x08020a74       0x48 ..\obj\stm32f4xx_tim.o
                0x08020a74                TIM_ITConfig
 .text.TIM_GetITStatus
                0x08020abc       0x54 ..\obj\stm32f4xx_tim.o
                0x08020abc                TIM_GetITStatus
 .text.TIM_ClearITPendingBit
                0x08020b10       0x24 ..\obj\stm32f4xx_tim.o
                0x08020b10                TIM_ClearITPendingBit
 .text.FlameSensor_Init
                0x08020b34       0x34 ..\obj\bw_flame_sensor.o
                0x08020b34                FlameSensor_Init
 .text.ADC1_config
                0x08020b68       0x7c ..\obj\bw_flame_sensor.o
                0x08020b68                ADC1_config
 .text.GetFlame
                0x08020be4       0x24 ..\obj\bw_flame_sensor.o
                0x08020be4                GetFlame
 .text.Fwd_FlameSide
                0x08020c08      0x6cc ..\obj\bw_flame_sensor.o
                0x08020c08                Fwd_FlameSide
 *fill*         0x080212d4        0x4 
 .text.atan     0x080212d8      0x378 C:\Softwares\CooCox\GNU Tools ARM Embedded\5.2 2015q4\arm-none-eabi\lib\armv7e-m\fpu\libm.a(lib_a-s_atan.o)
                0x080212d8                atan
 .text.cos      0x08021650       0xc0 C:\Softwares\CooCox\GNU Tools ARM Embedded\5.2 2015q4\arm-none-eabi\lib\armv7e-m\fpu\libm.a(lib_a-s_cos.o)
                0x08021650                cos
 .text.fabs     0x08021710       0x10 C:\Softwares\CooCox\GNU Tools ARM Embedded\5.2 2015q4\arm-none-eabi\lib\armv7e-m\fpu\libm.a(lib_a-s_fabs.o)
                0x08021710                fabs
 .text.__fpclassifyd
                0x08021720       0x5c C:\Softwares\CooCox\GNU Tools ARM Embedded\5.2 2015q4\arm-none-eabi\lib\armv7e-m\fpu\libm.a(lib_a-s_fpclassify.o)
                0x08021720                __fpclassifyd
 *fill*         0x0802177c        0x4 
 .text.sin      0x08021780       0xc0 C:\Softwares\CooCox\GNU Tools ARM Embedded\5.2 2015q4\arm-none-eabi\lib\armv7e-m\fpu\libm.a(lib_a-s_sin.o)
                0x08021780                sin
 .text.acos     0x08021840       0xc4 C:\Softwares\CooCox\GNU Tools ARM Embedded\5.2 2015q4\arm-none-eabi\lib\armv7e-m\fpu\libm.a(lib_a-w_acos.o)
                0x08021840                acos
 *fill*         0x08021904        0x4 
 .text.__ieee754_acos
                0x08021908      0x4e0 C:\Softwares\CooCox\GNU Tools ARM Embedded\5.2 2015q4\arm-none-eabi\lib\armv7e-m\fpu\libm.a(lib_a-e_acos.o)
                0x08021908                __ieee754_acos
 .text.__ieee754_rem_pio2
                0x08021de8      0x44c C:\Softwares\CooCox\GNU Tools ARM Embedded\5.2 2015q4\arm-none-eabi\lib\armv7e-m\fpu\libm.a(lib_a-e_rem_pio2.o)
                0x08021de8                __ieee754_rem_pio2
 .text.__ieee754_sqrt
                0x08022234      0x1a0 C:\Softwares\CooCox\GNU Tools ARM Embedded\5.2 2015q4\arm-none-eabi\lib\armv7e-m\fpu\libm.a(lib_a-e_sqrt.o)
                0x08022234                __ieee754_sqrt
 *fill*         0x080223d4        0x4 
 .text.__kernel_cos
                0x080223d8      0x284 C:\Softwares\CooCox\GNU Tools ARM Embedded\5.2 2015q4\arm-none-eabi\lib\armv7e-m\fpu\libm.a(lib_a-k_cos.o)
                0x080223d8                __kernel_cos
 *fill*         0x0802265c        0x4 
 .text.__kernel_rem_pio2
                0x08022660      0x820 C:\Softwares\CooCox\GNU Tools ARM Embedded\5.2 2015q4\arm-none-eabi\lib\armv7e-m\fpu\libm.a(lib_a-k_rem_pio2.o)
                0x08022660                __kernel_rem_pio2
 .text.__kernel_sin
                0x08022e80      0x194 C:\Softwares\CooCox\GNU Tools ARM Embedded\5.2 2015q4\arm-none-eabi\lib\armv7e-m\fpu\libm.a(lib_a-k_sin.o)
                0x08022e80                __kernel_sin
 *fill*         0x08023014        0x4 
 .text.floor    0x08023018      0x120 C:\Softwares\CooCox\GNU Tools ARM Embedded\5.2 2015q4\arm-none-eabi\lib\armv7e-m\fpu\libm.a(lib_a-s_floor.o)
                0x08023018                floor
 .text.matherr  0x08023138        0x4 C:\Softwares\CooCox\GNU Tools ARM Embedded\5.2 2015q4\arm-none-eabi\lib\armv7e-m\fpu\libm.a(lib_a-s_matherr.o)
                0x08023138                matherr
 *fill*         0x0802313c        0x4 
 .text.nan      0x08023140       0x10 C:\Softwares\CooCox\GNU Tools ARM Embedded\5.2 2015q4\arm-none-eabi\lib\armv7e-m\fpu\libm.a(lib_a-s_nan.o)
                0x08023140                nan
 .text.scalbn   0x08023150      0x10c C:\Softwares\CooCox\GNU Tools ARM Embedded\5.2 2015q4\arm-none-eabi\lib\armv7e-m\fpu\libm.a(lib_a-s_scalbn.o)
                0x08023150                scalbn
 .text.copysign
                0x0802325c       0x1c C:\Softwares\CooCox\GNU Tools ARM Embedded\5.2 2015q4\arm-none-eabi\lib\armv7e-m\fpu\libm.a(lib_a-s_copysign.o)
                0x0802325c                copysign
 .text          0x08023278      0x370 c:/softwares/coocox/gnu tools arm embedded/5.2 2015q4/bin/../lib/gcc/arm-none-eabi/5.2.1/armv7e-m/fpu\libgcc.a(_arm_addsubdf3.o)
                0x08023278                __aeabi_drsub
                0x08023280                __aeabi_dsub
                0x08023280                __subdf3
                0x08023284                __aeabi_dadd
                0x08023284                __adddf3
                0x080234fc                __floatunsidf
                0x080234fc                __aeabi_ui2d
                0x0802351c                __floatsidf
                0x0802351c                __aeabi_i2d
                0x08023540                __aeabi_f2d
                0x08023540                __extendsfdf2
                0x0802357c                __floatundidf
                0x0802357c                __aeabi_ul2d
                0x0802358c                __floatdidf
                0x0802358c                __aeabi_l2d
 .text          0x080235e8      0x424 c:/softwares/coocox/gnu tools arm embedded/5.2 2015q4/bin/../lib/gcc/arm-none-eabi/5.2.1/armv7e-m/fpu\libgcc.a(_arm_muldivdf3.o)
                0x080235e8                __aeabi_dmul
                0x080235e8                __muldf3
                0x0802383c                __divdf3
                0x0802383c                __aeabi_ddiv
 .text          0x08023a0c      0x110 c:/softwares/coocox/gnu tools arm embedded/5.2 2015q4/bin/../lib/gcc/arm-none-eabi/5.2.1/armv7e-m/fpu\libgcc.a(_arm_cmpdf2.o)
                0x08023a0c                __gtdf2
                0x08023a0c                __gedf2
                0x08023a14                __ltdf2
                0x08023a14                __ledf2
                0x08023a1c                __nedf2
                0x08023a1c                __eqdf2
                0x08023a1c                __cmpdf2
                0x08023a98                __aeabi_cdrcmple
                0x08023aa8                __aeabi_cdcmpeq
                0x08023aa8                __aeabi_cdcmple
                0x08023ab8                __aeabi_dcmpeq
                0x08023acc                __aeabi_dcmplt
                0x08023ae0                __aeabi_dcmple
                0x08023af4                __aeabi_dcmpge
                0x08023b08                __aeabi_dcmpgt
 .text          0x08023b1c       0x50 c:/softwares/coocox/gnu tools arm embedded/5.2 2015q4/bin/../lib/gcc/arm-none-eabi/5.2.1/armv7e-m/fpu\libgcc.a(_arm_fixdfsi.o)
                0x08023b1c                __aeabi_d2iz
                0x08023b1c                __fixdfsi
 .text          0x08023b6c       0xa0 c:/softwares/coocox/gnu tools arm embedded/5.2 2015q4/bin/../lib/gcc/arm-none-eabi/5.2.1/armv7e-m/fpu\libgcc.a(_arm_truncdfsf2.o)
                0x08023b6c                __truncdfsf2
                0x08023b6c                __aeabi_d2f
 .text.__errno  0x08023c0c        0xc C:\Softwares\CooCox\GNU Tools ARM Embedded\5.2 2015q4\arm-none-eabi\lib\armv7e-m\fpu\libc.a(lib_a-errno.o)
                0x08023c0c                __errno
 .text          0x08023c18      0x134 C:\Softwares\CooCox\GNU Tools ARM Embedded\5.2 2015q4\arm-none-eabi\lib\armv7e-m\fpu\libc.a(lib_a-memcpy.o)
                0x08023c18                memcpy
 .text.sprintf  0x08023d4c       0x4c C:\Softwares\CooCox\GNU Tools ARM Embedded\5.2 2015q4\arm-none-eabi\lib\armv7e-m\fpu\libc.a(lib_a-sprintf.o)
                0x08023d4c                sprintf
 *fill*         0x08023d98       0x28 
 .text          0x08023dc0       0xdc C:\Softwares\CooCox\GNU Tools ARM Embedded\5.2 2015q4\arm-none-eabi\lib\armv7e-m\fpu\libc.a(lib_a-strlen.o)
                0x08023dc0                strlen
 *fill*         0x08023e9c        0x4 
 .text._svfprintf_r
                0x08023ea0     0x169c C:\Softwares\CooCox\GNU Tools ARM Embedded\5.2 2015q4\arm-none-eabi\lib\armv7e-m\fpu\libc.a(lib_a-svfprintf.o)
                0x08023ea0                _svfprintf_r
 .text.quorem   0x0802553c      0x128 C:\Softwares\CooCox\GNU Tools ARM Embedded\5.2 2015q4\arm-none-eabi\lib\armv7e-m\fpu\libc.a(lib_a-dtoa.o)
 *fill*         0x08025664        0x4 
 .text._dtoa_r  0x08025668      0xe34 C:\Softwares\CooCox\GNU Tools ARM Embedded\5.2 2015q4\arm-none-eabi\lib\armv7e-m\fpu\libc.a(lib_a-dtoa.o)
                0x08025668                _dtoa_r
 .text._localeconv_r
                0x0802649c        0x8 C:\Softwares\CooCox\GNU Tools ARM Embedded\5.2 2015q4\arm-none-eabi\lib\armv7e-m\fpu\libc.a(lib_a-locale.o)
                0x0802649c                _localeconv_r
 .text._malloc_r
                0x080264a4      0x570 C:\Softwares\CooCox\GNU Tools ARM Embedded\5.2 2015q4\arm-none-eabi\lib\armv7e-m\fpu\libc.a(lib_a-mallocr.o)
                0x080264a4                _malloc_r
 *fill*         0x08026a14        0xc 
 .text          0x08026a20       0xa0 C:\Softwares\CooCox\GNU Tools ARM Embedded\5.2 2015q4\arm-none-eabi\lib\armv7e-m\fpu\libc.a(lib_a-memchr.o)
                0x08026a20                memchr
 .text.__malloc_lock
                0x08026ac0        0x4 C:\Softwares\CooCox\GNU Tools ARM Embedded\5.2 2015q4\arm-none-eabi\lib\armv7e-m\fpu\libc.a(lib_a-mlock.o)
                0x08026ac0                __malloc_lock
 .text.__malloc_unlock
                0x08026ac4        0x4 C:\Softwares\CooCox\GNU Tools ARM Embedded\5.2 2015q4\arm-none-eabi\lib\armv7e-m\fpu\libc.a(lib_a-mlock.o)
                0x08026ac4                __malloc_unlock
 .text._Balloc  0x08026ac8       0x4c C:\Softwares\CooCox\GNU Tools ARM Embedded\5.2 2015q4\arm-none-eabi\lib\armv7e-m\fpu\libc.a(lib_a-mprec.o)
                0x08026ac8                _Balloc
 .text._Bfree   0x08026b14       0x14 C:\Softwares\CooCox\GNU Tools ARM Embedded\5.2 2015q4\arm-none-eabi\lib\armv7e-m\fpu\libc.a(lib_a-mprec.o)
                0x08026b14                _Bfree
 .text.__multadd
                0x08026b28       0x80 C:\Softwares\CooCox\GNU Tools ARM Embedded\5.2 2015q4\arm-none-eabi\lib\armv7e-m\fpu\libc.a(lib_a-mprec.o)
                0x08026b28                __multadd
 .text.__hi0bits
                0x08026ba8       0x40 C:\Softwares\CooCox\GNU Tools ARM Embedded\5.2 2015q4\arm-none-eabi\lib\armv7e-m\fpu\libc.a(lib_a-mprec.o)
                0x08026ba8                __hi0bits
 .text.__lo0bits
                0x08026be8       0x5c C:\Softwares\CooCox\GNU Tools ARM Embedded\5.2 2015q4\arm-none-eabi\lib\armv7e-m\fpu\libc.a(lib_a-mprec.o)
                0x08026be8                __lo0bits
 .text.__i2b    0x08026c44       0x14 C:\Softwares\CooCox\GNU Tools ARM Embedded\5.2 2015q4\arm-none-eabi\lib\armv7e-m\fpu\libc.a(lib_a-mprec.o)
                0x08026c44                __i2b
 .text.__multiply
                0x08026c58      0x130 C:\Softwares\CooCox\GNU Tools ARM Embedded\5.2 2015q4\arm-none-eabi\lib\armv7e-m\fpu\libc.a(lib_a-mprec.o)
                0x08026c58                __multiply
 .text.__pow5mult
                0x08026d88       0xa0 C:\Softwares\CooCox\GNU Tools ARM Embedded\5.2 2015q4\arm-none-eabi\lib\armv7e-m\fpu\libc.a(lib_a-mprec.o)
                0x08026d88                __pow5mult
 .text.__lshift
                0x08026e28       0xb0 C:\Softwares\CooCox\GNU Tools ARM Embedded\5.2 2015q4\arm-none-eabi\lib\armv7e-m\fpu\libc.a(lib_a-mprec.o)
                0x08026e28                __lshift
 .text.__mcmp   0x08026ed8       0x44 C:\Softwares\CooCox\GNU Tools ARM Embedded\5.2 2015q4\arm-none-eabi\lib\armv7e-m\fpu\libc.a(lib_a-mprec.o)
                0x08026ed8                __mcmp
 .text.__mdiff  0x08026f1c      0x114 C:\Softwares\CooCox\GNU Tools ARM Embedded\5.2 2015q4\arm-none-eabi\lib\armv7e-m\fpu\libc.a(lib_a-mprec.o)
                0x08026f1c                __mdiff
 .text.__d2b    0x08027030       0xbc C:\Softwares\CooCox\GNU Tools ARM Embedded\5.2 2015q4\arm-none-eabi\lib\armv7e-m\fpu\libc.a(lib_a-mprec.o)
                0x08027030                __d2b
 .text._sbrk_r  0x080270ec       0x24 C:\Softwares\CooCox\GNU Tools ARM Embedded\5.2 2015q4\arm-none-eabi\lib\armv7e-m\fpu\libc.a(lib_a-sbrkr.o)
                0x080270ec                _sbrk_r
 .text.__ssprint_r
                0x08027110      0x100 C:\Softwares\CooCox\GNU Tools ARM Embedded\5.2 2015q4\arm-none-eabi\lib\armv7e-m\fpu\libc.a(lib_a-svfiprintf.o)
                0x08027110                __ssprint_r
 .text._calloc_r
                0x08027210       0x60 C:\Softwares\CooCox\GNU Tools ARM Embedded\5.2 2015q4\arm-none-eabi\lib\armv7e-m\fpu\libc.a(lib_a-callocr.o)
                0x08027210                _calloc_r
 .text._malloc_trim_r
                0x08027270       0x9c C:\Softwares\CooCox\GNU Tools ARM Embedded\5.2 2015q4\arm-none-eabi\lib\armv7e-m\fpu\libc.a(lib_a-freer.o)
                0x08027270                _malloc_trim_r
 .text._free_r  0x0802730c      0x1d0 C:\Softwares\CooCox\GNU Tools ARM Embedded\5.2 2015q4\arm-none-eabi\lib\armv7e-m\fpu\libc.a(lib_a-freer.o)
                0x0802730c                _free_r
 .text.memmove  0x080274dc       0xc8 C:\Softwares\CooCox\GNU Tools ARM Embedded\5.2 2015q4\arm-none-eabi\lib\armv7e-m\fpu\libc.a(lib_a-memmove.o)
                0x080274dc                memmove
 .text.memset   0x080275a4       0x9c C:\Softwares\CooCox\GNU Tools ARM Embedded\5.2 2015q4\arm-none-eabi\lib\armv7e-m\fpu\libc.a(lib_a-memset.o)
                0x080275a4                memset
 .text._realloc_r
                0x08027640      0x3e0 C:\Softwares\CooCox\GNU Tools ARM Embedded\5.2 2015q4\arm-none-eabi\lib\armv7e-m\fpu\libc.a(lib_a-reallocr.o)
                0x08027640                _realloc_r
 .text          0x08027a20       0x30 c:/softwares/coocox/gnu tools arm embedded/5.2 2015q4/bin/../lib/gcc/arm-none-eabi/5.2.1/armv7e-m/fpu\libgcc.a(_aeabi_uldivmod.o)
                0x08027a20                __aeabi_uldivmod
 .text          0x08027a50      0x2e4 c:/softwares/coocox/gnu tools arm embedded/5.2 2015q4/bin/../lib/gcc/arm-none-eabi/5.2.1/armv7e-m/fpu\libgcc.a(_udivmoddi4.o)
                0x08027a50                __udivmoddi4
 .text          0x08027d34        0x4 c:/softwares/coocox/gnu tools arm embedded/5.2 2015q4/bin/../lib/gcc/arm-none-eabi/5.2.1/armv7e-m/fpu\libgcc.a(_dvmd_tls.o)
                0x08027d34                __aeabi_idiv0
                0x08027d34                __aeabi_ldiv0
 *(.init)
 *(.fini)
 *crtbegin.o(.ctors)
 *crtbegin?.o(.ctors)
 *(EXCLUDE_FILE(*crtend.o *crtend?.o) .ctors)
 *(SORT(.ctors.*))
 *(.ctors)
 *crtbegin.o(.dtors)
 *crtbegin?.o(.dtors)
 *(EXCLUDE_FILE(*crtend.o *crtend?.o) .dtors)
 *(SORT(.dtors.*))
 *(.dtors)
 *(.rodata*)
 .rodata        0x08027d38      0x104 ..\obj\bw_global_var.o
                0x08027d38                A_const
                0x08027d80                B_const
                0x08027dc8                leg_1
                0x08027de0                leg_norm
                0x08027df8                alpha
                0x08027e10                Gyro_Sensitivity_1000s
                0x08027e14                Gyro_Sensitivity_2000s
                0x08027e18                TCS_CALIBRATE_WHITE
                0x08027e1c                TCS_CALIBRATE_BLACK
                0x08027e20                TCS_CALIBRATE_GRAY
                0x08027e24                TCS_CALIBRATE_GETRULE
                0x08027e28                TCS_FRONT_SHOW_THRESHOLD
                0x08027e2c                TCS_MIDDLE_SHOW_THRESHOLD
                0x08027e30                TRACER_CALIBRATE_GRAY
                0x08027e34                TRACER_CALIBRATE_WHITE
                0x08027e38                TRACER_CALIBRATE_GETRULE
 .rodata        0x08027e3c       0x82 ..\obj\bw_usart_comm.o
 *fill*         0x08027ebe        0x2 
 .rodata        0x08027ec0      0x4c0 ..\obj\bw_hexapod_cmd.o
                0x08027ec0                STATIC_LOW_CLEARANCE
                0x08027ec4                STATIC_MED_CLEARANCE
                0x08027ec8                STATIC_HIGH_CLEARANCE
                0x08027ecc                SEARCH_FIRE
                0x08027ed0                FORWARD
                0x08027ed4                BACKWARD
                0x08027ed8                ROTATE_RIGHT
                0x08027edc                ROTATE_LEFT
                0x08027ee0                CURVE_RIGHT
                0x08027ee4                CURVE_LEFT
                0x08027ee8                ASKEW_RIGHT
                0x08027eec                ASKEW_LEFT
                0x08027ef0                FWD_RIPPLE
                0x08027ef4                FWD_WAVE
 .rodata        0x08028380       0xe9 ..\obj\bw_rotary_switch.o
 *fill*         0x08028469        0x3 
 .rodata        0x0802846c      0x187 ..\obj\main.o
 *fill*         0x080285f3        0x1 
 .rodata        0x080285f4      0x100 ..\obj\bw_ping_receiver.o
 .rodata        0x080286f4       0x35 ..\obj\bw_extinguisher.o
 *fill*         0x08028729        0x3 
 .rodata        0x0802872c       0x32 ..\obj\bw_bumper.o
 *fill*         0x0802875e        0x2 
 .rodata        0x08028760      0xbb6 ..\obj\bw2017_algorithm.o
 *fill*         0x08029316        0x2 
 .rodata        0x08029318       0x48 ..\obj\bw_infrared_proximity.o
 .rodata        0x08029360       0x39 ..\obj\bw_utilities.o
 *fill*         0x08029399        0x3 
 .rodata        0x0802939c      0x31f ..\obj\bw_tcs3200_receiver.o
 *fill*         0x080296bb        0x1 
 .rodata        0x080296bc       0x27 ..\obj\bw_flame_sensor.o
 *fill*         0x080296e3        0x5 
 .rodata.atanlo
                0x080296e8       0x20 C:\Softwares\CooCox\GNU Tools ARM Embedded\5.2 2015q4\arm-none-eabi\lib\armv7e-m\fpu\libm.a(lib_a-s_atan.o)
 .rodata.atanhi
                0x08029708       0x20 C:\Softwares\CooCox\GNU Tools ARM Embedded\5.2 2015q4\arm-none-eabi\lib\armv7e-m\fpu\libm.a(lib_a-s_atan.o)
 .rodata.str1.4
                0x08029728        0x5 C:\Softwares\CooCox\GNU Tools ARM Embedded\5.2 2015q4\arm-none-eabi\lib\armv7e-m\fpu\libm.a(lib_a-w_acos.o)
                                  0x9 (size before relaxing)
 *fill*         0x0802972d        0x3 
 .rodata.npio2_hw
                0x08029730       0x80 C:\Softwares\CooCox\GNU Tools ARM Embedded\5.2 2015q4\arm-none-eabi\lib\armv7e-m\fpu\libm.a(lib_a-e_rem_pio2.o)
 .rodata.two_over_pi
                0x080297b0      0x108 C:\Softwares\CooCox\GNU Tools ARM Embedded\5.2 2015q4\arm-none-eabi\lib\armv7e-m\fpu\libm.a(lib_a-e_rem_pio2.o)
 .rodata.init_jk
                0x080298b8       0x10 C:\Softwares\CooCox\GNU Tools ARM Embedded\5.2 2015q4\arm-none-eabi\lib\armv7e-m\fpu\libm.a(lib_a-k_rem_pio2.o)
 .rodata.PIo2   0x080298c8       0x40 C:\Softwares\CooCox\GNU Tools ARM Embedded\5.2 2015q4\arm-none-eabi\lib\armv7e-m\fpu\libm.a(lib_a-k_rem_pio2.o)
 .rodata.str1.4
                0x08029908        0x2 C:\Softwares\CooCox\GNU Tools ARM Embedded\5.2 2015q4\arm-none-eabi\lib\armv7e-m\fpu\libc.a(lib_a-impure.o)
 *fill*         0x0802990a        0x2 
 .rodata.blanks.7009
                0x0802990c       0x10 C:\Softwares\CooCox\GNU Tools ARM Embedded\5.2 2015q4\arm-none-eabi\lib\armv7e-m\fpu\libc.a(lib_a-svfprintf.o)
 .rodata.str1.4
                0x0802991c       0x42 C:\Softwares\CooCox\GNU Tools ARM Embedded\5.2 2015q4\arm-none-eabi\lib\armv7e-m\fpu\libc.a(lib_a-svfprintf.o)
 *fill*         0x0802995e        0x2 
 .rodata.zeroes.7010
                0x08029960       0x10 C:\Softwares\CooCox\GNU Tools ARM Embedded\5.2 2015q4\arm-none-eabi\lib\armv7e-m\fpu\libc.a(lib_a-svfprintf.o)
 .rodata.str1.4
                0x08029970       0x10 C:\Softwares\CooCox\GNU Tools ARM Embedded\5.2 2015q4\arm-none-eabi\lib\armv7e-m\fpu\libc.a(lib_a-dtoa.o)
                                 0x12 (size before relaxing)
 .rodata.str1.4
                0x08029980        0xc C:\Softwares\CooCox\GNU Tools ARM Embedded\5.2 2015q4\arm-none-eabi\lib\armv7e-m\fpu\libc.a(lib_a-locale.o)
                                 0x12 (size before relaxing)
 .rodata.p05.5404
                0x0802998c        0xc C:\Softwares\CooCox\GNU Tools ARM Embedded\5.2 2015q4\arm-none-eabi\lib\armv7e-m\fpu\libc.a(lib_a-mprec.o)
 .rodata.__mprec_tens
                0x08029998       0xc8 C:\Softwares\CooCox\GNU Tools ARM Embedded\5.2 2015q4\arm-none-eabi\lib\armv7e-m\fpu\libc.a(lib_a-mprec.o)
                0x08029998                __mprec_tens
 .rodata.__mprec_bigtens
                0x08029a60       0x28 C:\Softwares\CooCox\GNU Tools ARM Embedded\5.2 2015q4\arm-none-eabi\lib\armv7e-m\fpu\libc.a(lib_a-mprec.o)
                0x08029a60                __mprec_bigtens
 *(.eh_fram e*)

.glue_7         0x08029a88        0x0
 .glue_7        0x08029a88        0x0 linker stubs

.glue_7t        0x08029a88        0x0
 .glue_7t       0x08029a88        0x0 linker stubs

.vfp11_veneer   0x08029a88        0x0
 .vfp11_veneer  0x08029a88        0x0 linker stubs

.v4_bx          0x08029a88        0x0
 .v4_bx         0x08029a88        0x0 linker stubs

.iplt           0x08029a88        0x0
 .iplt          0x08029a88        0x0 ..\obj\bw_articulated_manipulator.o

.ARM.extab
 *(.ARM.extab* .gnu.linkonce.armextab.*)
                0x08029a88                __exidx_start = .

.ARM.exidx      0x08029a88        0x8
 *(.ARM.exidx* .gnu.linkonce.armexidx.*)
 .ARM.exidx     0x08029a88        0x8 c:/softwares/coocox/gnu tools arm embedded/5.2 2015q4/bin/../lib/gcc/arm-none-eabi/5.2.1/armv7e-m/fpu\libgcc.a(_udivmoddi4.o)
                0x08029a90                __exidx_end = .
                0x08029a90                __etext = .
                0x08029a90                _sidata = __etext

.rel.dyn        0x08029a90        0x0
 .rel.iplt      0x08029a90        0x0 ..\obj\bw_articulated_manipulator.o

.data           0x20000000      0xb54 load address 0x08029a90
                0x20000000                __data_start__ = .
                0x20000000                _sdata = __data_start__
 *(vtable)
 *(.data*)
 .data          0x20000000      0x28c ..\obj\bw_global_var.o
                0x20000000                COLOUR_BLACK
                0x20000004                COLOUR_GRAY
                0x20000008                COLOUR_WHITE
                0x2000000c                COLOUR_RED
                0x20000010                COLOUR_BLUE
                0x20000014                FRONT_TCS3200
                0x20000018                MID_TCS3200
                0x2000001c                CANDLE_CIRCLE_DETECTED
                0x20000020                ZONE_BLACK
                0x20000024                ZONE_RED
                0x20000028                ZONE_BLUE
                0x2000002c                TRACER
                0x20000030                LOCATION_ROOM
                0x20000034                SHIFT_FOLLOW
                0x20000038                CAT_DETECTED
                0x2000003c                led_counter
                0x2000003e                sensor_UV_front
                0x2000003f                sensor_UV_back
                0x20000040                COMMAND_FLAG_A
                0x20000044                COMMAND_FLAG_B
                0x20000048                COMMAND_COMPLETED
                0x2000004c                COMMAND_NOT_RECEIVED
                0x20000050                RAW_VAL_FLAG
                0x20000054                sudut
                0x2000009c                correct
                0x200000e4                MPU6050_PWR_MGMT_1
                0x200000e8                MPU6050_GYRO_CONFIG
                0x200000ec                MPU6050_ACCEL_CONFIG
                0x200000f0                Gyro_Sensitivity_500s
                0x200000f8                PI
                0x20000100                GRAVITY
                0x20000108                TEST
                0x2000010c                CALIBRATION_STAT
                0x20000110                HOME_CIRCLE_DETECTED
                0x20000114                FOLLOWHOME_ACTIVE
                0x20000118                CROSS_ENABLED
                0x2000011c                CROSSING_SUCCESS
                0x20000120                CROSSING_FAILED
                0x20000124                STEALFIRE_SUCCESS
                0x20000128                STEALFIRE_FAILED
                0x2000012c                ENEMY_ZONE
                0x20000130                SPECIAL_CONDITION_ENABLED
                0x20000134                ROOM_FLAG
                0x2000013c                PREVIOUS_ROOM
                0x20000140                OTHER_ROOM
                0x20000144                ROOM_ONE
                0x20000148                WARZONE
                0x2000014c                VAR_DOOR_DETECTED
                0x20000150                VAR_DOOR_SCAN
                0x20000154                FOLLOW_CARPET_ENABLED
                0x20000158                FOLLOW_CARPET_ESCAPE_TRAP
                0x2000015c                GET_VERSION
                0x20000160                GET_ANGLE_8_BIT
                0x20000164                GET_ANGLE_16_BIT
                0x20000168                GET_PITCH
                0x2000016c                GET_ROLL
                0x20000170                GET_PITCH_NO_KF
                0x20000174                GET_ROLL_NO_KF
                0x20000178                GET_MAG_RAW
                0x2000017c                GET_ACCEL_RAW
                0x20000180                GET_GYRO_RAW
                0x20000184                GET_TEMP
                0x20000188                GET_ALL
                0x2000018c                CALIBRATE_BYTE_1
                0x20000190                CALIBRATE_BYTE_2
                0x20000194                CALIBRATE_BYTE_3_FULL
                0x20000198                CALIBRATE_BYTE_3_FLAT
                0x2000019c                CALIBRATE_EXIT
                0x200001a0                RESTORE_1
                0x200001a4                RESTORE_2
                0x200001a8                RESTORE_3
                0x200001ac                BAUD_19200
                0x200001b0                BAUD_38400
                0x200001b4                FRONT_PREVIOUS
                0x200001b8                MIDDLE_PRESENT
                0x200001bc                MIDDLE_PREVIOUS
                0x200001c0                DUMMY_DATA_A
                0x200001c4                DUMMY_DATA_G
                0x200001c8                TRIAL_MODE
                0x200001cc                CALIBRATION_MODE
                0x200001d0                START_BUTTON_CMD
                0x200001d4                BUTTON_A
                0x200001d8                BUTTON_B
                0x200001dc                CMD_COMPLETED
                0x200001e0                CMD_IDLE
                0x200001e4                TCS_CMD_SEND_RAW
                0x200001e8                TRACER_CMD_SEND_RAW
                0x200001ec                TCS_CMD_SEND_CONCLUSION
                0x200001f0                TCS_CMD_SAVE_EEPROM
                0x200001f4                HYBRID_CMD_SEND_THRESHOLD
                0x200001f8                RCV_IDLE
                0x200001fc                RCV_START
                0x20000200                RCV_BUTTON_A
                0x20000204                RCV_BUTTON_B
                0x20000208                ROOM
                0x20000220                ROOM_1A
                0x20000224                ROOM_1B
                0x20000228                ROOM_1C
                0x2000022c                ROOM_2A
                0x20000230                ROOM_2B
                0x20000234                ROOM_3
                0x20000238                ROOM_4A
                0x2000023c                ROOM_4B
                0x20000240                NORMAL_ROOM
                0x20000244                GRAY_ROOM
                0x20000248                TRC_BMP_ACTIVE
                0x2000024c                TRACER_ACTIVE
                0x20000250                FOLLOWTRACER_ENABLE
                0x20000254                EXIT_ACTIVE
                0x20000258                ROOM1FLAG_ACTIVE
                0x2000025c                ROOM1BCFLAG_ACTIVE
                0x20000260                ROOM2BFLAG_ACTIVE
                0x20000264                ROOM4FLAG_ACTIVE
                0x20000268                ROOM4AFLAG_ACTIVE
                0x2000026c                ROOM4BFLAG_ACTIVE
                0x20000270                ROOM4BFLAG_EXIT_ACTIVE
                0x20000274                ROOM1A_SP_EXIT_FLAG_ACTIVE
                0x20000278                ROOM4A_CAT_AVOIDER_ACTIVE
                0x2000027c                R2TO4A_SP_ACTIVE
                0x20000280                SHIFT_ALGORITHM_ACTIVE
                0x20000284                TURN_LEFT
                0x20000288                TURN_RIGHT
 .data          0x2000028c       0x10 ..\obj\stm32f4xx_rcc.o
 .data          0x2000029c       0x28 ..\obj\bw2017_algorithm.o
 .data          0x200002c4       0x14 ..\obj\system_stm32f4xx.o
                0x200002c4                SystemCoreClock
                0x200002c8                AHBPrescTable
 .data.__fdlib_version
                0x200002d8        0x1 C:\Softwares\CooCox\GNU Tools ARM Embedded\5.2 2015q4\arm-none-eabi\lib\armv7e-m\fpu\libm.a(lib_a-s_lib_ver.o)
                0x200002d8                __fdlib_version
 *fill*         0x200002d9        0x7 
 .data.impure_data
                0x200002e0      0x428 C:\Softwares\CooCox\GNU Tools ARM Embedded\5.2 2015q4\arm-none-eabi\lib\armv7e-m\fpu\libc.a(lib_a-impure.o)
 .data._impure_ptr
                0x20000708        0x4 C:\Softwares\CooCox\GNU Tools ARM Embedded\5.2 2015q4\arm-none-eabi\lib\armv7e-m\fpu\libc.a(lib_a-impure.o)
                0x20000708                _impure_ptr
 .data.lconv    0x2000070c       0x38 C:\Softwares\CooCox\GNU Tools ARM Embedded\5.2 2015q4\arm-none-eabi\lib\armv7e-m\fpu\libc.a(lib_a-locale.o)
 .data.__malloc_av_
                0x20000744      0x408 C:\Softwares\CooCox\GNU Tools ARM Embedded\5.2 2015q4\arm-none-eabi\lib\armv7e-m\fpu\libc.a(lib_a-mallocr.o)
                0x20000744                __malloc_av_
 .data.__malloc_trim_threshold
                0x20000b4c        0x4 C:\Softwares\CooCox\GNU Tools ARM Embedded\5.2 2015q4\arm-none-eabi\lib\armv7e-m\fpu\libc.a(lib_a-mallocr.o)
                0x20000b4c                __malloc_trim_threshold
 .data.__malloc_sbrk_base
                0x20000b50        0x4 C:\Softwares\CooCox\GNU Tools ARM Embedded\5.2 2015q4\arm-none-eabi\lib\armv7e-m\fpu\libc.a(lib_a-mallocr.o)
                0x20000b50                __malloc_sbrk_base
                0x20000b54                . = ALIGN (0x4)
                [!provide]                PROVIDE (__preinit_array_start, .)
 *(.preinit_array)
                [!provide]                PROVIDE (__preinit_array_end, .)
                0x20000b54                . = ALIGN (0x4)
                [!provide]                PROVIDE (__init_array_start, .)
 *(SORT(.init_array.*))
 *(.init_array)
                [!provide]                PROVIDE (__init_array_end, .)
                0x20000b54                . = ALIGN (0x4)
                [!provide]                PROVIDE (__fini_array_start, .)
 *(SORT(.fini_array.*))
 *(.fini_array)
                [!provide]                PROVIDE (__fini_array_end, .)
 *(.jcr*)
                0x20000b54                . = ALIGN (0x4)
                0x20000b54                __data_end__ = .
                0x20000b54                _edata = __data_end__

.igot.plt       0x20000b54        0x0 load address 0x0802a5e4
 .igot.plt      0x20000b54        0x0 ..\obj\bw_articulated_manipulator.o

.bss            0x20000b54     0x313c load address 0x0802a5e4
                0x20000b54                . = ALIGN (0x4)
                0x20000b54                __bss_start__ = .
                0x20000b54                _sbss = __bss_start__
 *(.bss*)
 .bss           0x20000b54      0x26c ..\obj\bw_global_var.o
                0x20000b54                COLUR_NONE
                0x20000b58                F_DETECTED_COLOUR
                0x20000b5c                M_DETECTED_COLOUR
                0x20000b60                F_sum_red
                0x20000b64                F_sum_blue
                0x20000b68                F_sum_white
                0x20000b6c                F_THRESHOLD
                0x20000b70                F_TOTAL_SUM
                0x20000b74                M_sum_red
                0x20000b78                M_sum_blue
                0x20000b7c                M_sum_white
                0x20000b80                M_THRESHOLD
                0x20000b84                M_TOTAL_SUM
                0x20000b88                CANDLE_CIRCLE_FLAG
                0x20000b8c                INITIAL_ZONE
                0x20000b90                ZONE
                0x20000b94                BW_CROSS_MODE
                0x20000b98                START_MODE
                0x20000b9c                BW_LOCATION
                0x20000ba4                LOCATION_CORRIDOR
                0x20000ba8                EXTINGUISHED_FIRE
                0x20000bac                FIRE_PUTOFF
                0x20000bb0                CAT_FOUND
                0x20000bb8                CAT_SHIFT_FOLLOW
                0x20000bbc                NO_SHIFT
                0x20000bc0                CAT_FLAG
                0x20000bc4                CAT_NOT_DETECTED
                0x20000bc8                BW_Sound_Activate
                0x20000bca                BW_START
                0x20000bcc                UV_Lock
                0x20000bd0                led_off_counter
                0x20000bd4                sudut_servo
                0x20000bd8                sensor_UV_lock
                0x20000bd9                fight
                0x20000bda                hitung
                0x20000bdc                panas
                0x20000be0                i
                0x20000be4                temp
                0x20000be8                suhu_ruang
                0x20000bec                FIRE
                0x20000bf0                USART_Count
                0x20000bf4                USARTFlame_Counter
                0x20000bf8                USARTFlameDigi_Counter
                0x20000bfc                USART_Bluetooth_Count
                0x20000c00                x
                0x20000c04                Gyro_Sensitivity_250s
                0x20000c08                Accelerometer_Range
                0x20000c0c                ROOM_COUNTER
                0x20000c10                WARZONE_FLAG
                0x20000c14                SPECIAL_ZONE_FLAG
                0x20000c18                HOME_CIRCLE_FLAG
                0x20000c1c                HOME_CIRCLE_NOT_DETECTED
                0x20000c20                FOLLOWHOME_FLAG
                0x20000c24                FOLLOWHOME_INACTIVE
                0x20000c28                firetrack_counter
                0x20000c2c                BW_FOUND_FIRE_OVERRIDE
                0x20000c30                EXTINGUISHER_FLAG
                0x20000c34                ROOM1_FLAG
                0x20000c38                ROOM1BC_FLAG
                0x20000c3c                ROOM2B_FLAG
                0x20000c40                WARZONE_COUNTER
                0x20000c44                global_counter
                0x20000c48                BW_CROSSING_AUTHORITY
                0x20000c4c                CROSS_DISABLED
                0x20000c50                BW_CROSSING_STATUS
                0x20000c54                NO_CROSSING
                0x20000c58                STEAL_FIRE_STAT
                0x20000c5c                STEAL_FIRE_COUNTER
                0x20000c60                ENEMY_ZONE_STAT
                0x20000c64                COMFORT_ZONE
                0x20000c68                SPECIAL_CONDITION_FLAG
                0x20000c6c                SPECIAL_CONDITION_DISABLED
                0x20000c70                SPECIAL_CONDITION_COUNTER
                0x20000c74                PRESENT_ROOM
                0x20000c78                VARIABLE_DOOR
                0x20000c7c                VAR_DOOR_NOT_DETECTED
                0x20000c80                FIRST_CAT_ENCOUNTER
                0x20000c84                RETURN_COUNTER
                0x20000c88                FOLLOW_CARPET_FLAG
                0x20000c8c                FOLLOW_CARPET_DISABLED
                0x20000c90                Arm_Angle
                0x20000c9c                Arm_Correction
                0x20000ca8                USART2_DATA
                0x20000cc0                CMPS11_COMPASS_ANGLE
                0x20000cc4                RETURN_TRIP_FLAG
                0x20000cc8                FlameSense
                0x20000cd0                FollowFlame_Flag
                0x20000cd4                FlameTrack_Flag
                0x20000cd8                FlameScan_Flag
                0x20000cdc                FlameExtinguish_Flag
                0x20000ce0                FlameApproach_Flag
                0x20000ce4                FlameSenseDigi
                0x20000cec                FlameFrontDigi
                0x20000cf4                BUMPER
                0x20000cfc                TCS3200_SLV_CNT
                0x20000d00                TCS3200_SLV_STAT
                0x20000d10                FRONT_PRESENT
                0x20000d14                TCS3200_SLV_DATA
                0x20000d40                TCS3200_CMD_CODE
                0x20000d54                HALLWAY_SC
                0x20000d58                ROOM_TYPE
                0x20000d5c                TRC_BMP_INACTIVE
                0x20000d60                TRACER_STAT
                0x20000d64                TRACER_INACTIVE
                0x20000d68                FOLLOWTRACER_FLAG
                0x20000d6c                FOLLOWTRACER_DISABLE
                0x20000d70                CANDLE_STICK
                0x20000d74                CANDLE_FIRE
                0x20000d78                CANDLE_STAT
                0x20000d7c                EXIT_INACTIVE
                0x20000d80                ROOM1FLAG_INACTIVE
                0x20000d84                ROOM1BCFLAG_INACTIVE
                0x20000d88                ROOM2BFLAG_INACTIVE
                0x20000d8c                ROOM4FLAG_INACTIVE
                0x20000d90                ROOM4AFLAG_INACTIVE
                0x20000d94                ROOM4BFLAG_INACTIVE
                0x20000d98                ROOM4BFLAG_EXIT_INACTIVE
                0x20000d9c                ROOM1A_SP_EXIT_FLAG_INACTIVE
                0x20000da0                ROOM4A_CAT_AVOIDER_INACTIVE
                0x20000da4                R2TO4A_SP_ROUTE
                0x20000da8                R2TO4A_SP_INACTIVE
                0x20000dac                SHIFT_ALGORITHM_INACTIVE
                0x20000db0                RIGHT_OVERFLOW_COUNTER
                0x20000db4                LEFT_OVERFLOW_COUNTER
                0x20000db8                FIRESCAN_DIRECTION
                0x20000dbc                BW_TurnAround
 .bss           0x20000dc0        0x4 ..\obj\bw_usart_comm.o
 .bss           0x20000dc4        0x8 ..\obj\bw_hexapod_cmd.o
 .bss           0x20000dcc        0x1 ..\obj\bw_ping_receiver.o
 *fill*         0x20000dcd        0x3 
 .bss           0x20000dd0       0x48 ..\obj\bw2017_algorithm.o
 .bss           0x20000e18        0x4 ..\obj\syscalls.o
 .bss           0x20000e1c        0x4 ..\obj\bw_systick_delay.o
 .bss.__malloc_max_total_mem
                0x20000e20        0x4 C:\Softwares\CooCox\GNU Tools ARM Embedded\5.2 2015q4\arm-none-eabi\lib\armv7e-m\fpu\libc.a(lib_a-mallocr.o)
                0x20000e20                __malloc_max_total_mem
 .bss.__malloc_max_sbrked_mem
                0x20000e24        0x4 C:\Softwares\CooCox\GNU Tools ARM Embedded\5.2 2015q4\arm-none-eabi\lib\armv7e-m\fpu\libc.a(lib_a-mallocr.o)
                0x20000e24                __malloc_max_sbrked_mem
 .bss.__malloc_top_pad
                0x20000e28        0x4 C:\Softwares\CooCox\GNU Tools ARM Embedded\5.2 2015q4\arm-none-eabi\lib\armv7e-m\fpu\libc.a(lib_a-mallocr.o)
                0x20000e28                __malloc_top_pad
 .bss.__malloc_current_mallinfo
                0x20000e2c       0x28 C:\Softwares\CooCox\GNU Tools ARM Embedded\5.2 2015q4\arm-none-eabi\lib\armv7e-m\fpu\libc.a(lib_a-mallocr.o)
                0x20000e2c                __malloc_current_mallinfo
 *(COMMON)
 COMMON         0x20000e54      0x2c8 ..\obj\bw_articulated_manipulator.o
                0x20000e54                lcd
                0x20000e64                RWS_Byte
                0x20000e68                GPIO_I2C
                0x20000e70                TIM_TimeBaseStructure
                0x20000e7c                Load_Long_Byte
                0x20000e80                Position_Low_Byte
                0x20000e81                Checksum
                0x20000e84                BW_CMPS11
                0x20000ec0                Speed_Low_Byte
                0x20000ec4                arm_counter
                0x20000ec8                ADC_InitStructure
                0x20000ee0                PID_FLAME
                0x20000f38                Load_High_Byte
                0x20000f3c                I2C_InitStructure
                0x20000f4c                PID_F_L
                0x20000fa4                Incoming_Byte
                0x20000fa8                Moving_Byte
                0x20000fac                Error_Byte
                0x20000fb0                Speed_High_Byte
                0x20000fb1                Direction_Pin
                0x20000fb2                Position_High_Byte
                0x20000fb4                TIM_OCInitStructure
                0x20000fc8                Speed_Long_Byte
                0x20000fcc                PID_DFL_R
                0x20001024                Position_Long_Byte
                0x20001028                Voltage_Byte
                0x2000102c                PID_F_R
                0x20001084                GPIO_InitStructure
                0x2000108c                USART_InitStructure
                0x2000109c                Time_Counter
                0x2000109d                Load_Low_Byte
                0x200010a0                NVIC_InitStructure
                0x200010a4                ADC_CommonInitStructure
                0x200010b4                temp_angle
                0x200010c0                Temperature_Byte
                0x200010c4                PID_DFL_L
 COMMON         0x2000111c     0x2b70 ..\obj\bw_global_var.o
                0x2000111c                index_servo3
                0x20001120                HOME
                0x20001124                ROOM4A_FLAG
                0x20001128                I2C2_DATA
                0x20001134                ROOM4_FLAG
                0x20001138                leg
                0x2000113c                b
                0x20001140                DATA
                0x20001144                ROOM4B_EXIT_FLAG
                0x20001148                dummy_correct
                0x20001190                Gyro_Mult
                0x20001194                ARM_CCR2_Val
                0x20001198                c4
                0x2000119c                EXIT_FLAG
                0x200011a0                c2
                0x200011a4                INFRARED
                0x200011c4                SHIFT_ALGORITHM_FLAG
                0x200011c8                data1_lcd
                0x200011d8                phi
                0x200011f0                sudut_awal
                0x20001238                ACCEL_DEG
                0x2000123c                nCount
                0x20001240                A_body
                0x20001244                FLAME_SENSOR
                0x2000124c                sudut_tahap1
                0x20001294                ROOM4A_CAT_AVOIDER
                0x20001298                COLOUR_STAT
                0x2000129c                I2C1_DATA
                0x200012a8                Lsem
                0x200012ac                z_A
                0x200012f4                TRACER_FLAG
                0x200012f8                FLAME_SIDE
                0x200012fc                suhu_pixel
                0x20001304                Ping
                0x20001328                tampil_adc
                0x20001338                epsilon
                0x20001350                pixel
                0x2000135c                Count
                0x20001360                ROOM4B_FLAG
                0x20001364                c1
                0x20001368                TRACER_IN_BUMPER
                0x2000136c                I2C3_DATA
                0x20001378                ARM_CCR3_Val
                0x2000137c                c
                0x2000137d                v
                0x20001380                leg_next
                0x20001398                M_TRACER
                0x2000139c                sudut_target
                0x200013e4                A_leg
                0x200013fc                M_sum_green
                0x20001400                Acce_Mult
                0x20001404                pembagi
                0x20001408                F_TRACER
                0x2000140c                index_servo2
                0x20001410                data2_lcd
                0x20001420                y
                0x20001424                command_code
                0x20001429                d
                0x2000142c                PrescalerValue
                0x20001430                ARM_CCR1_Val
                0x20001434                UV_state
                0x20001438                GYRO_DEG
                0x2000143c                ROOM1A_SP_EXIT_FLAG
                0x20001440                temp_var
                0x20001444                sudut_tahap2
                0x2000148c                rot_switch_mode
                0x20001490                P_body
                0x20001494                F_sum_green
                0x20001498                beta
                0x200014b0                buf
                0x200014c0                y_A
                0x20001508                c3
                0x2000150c                tcs3200
                0x20001510                epsilon_body
                0x20001514                SHARP
                0x20001520                a
                0x20001524                P_leg
                0x2000153c                lambpsi
                0x20001554                regs
                0x20001558                ADCResult
                0x2000155c                ww
                0x20001574                index_bantu
                0x20001578                temp_var2
                0x2000157c                received_string
 COMMON         0x20003c8c        0x4 C:\Softwares\CooCox\GNU Tools ARM Embedded\5.2 2015q4\arm-none-eabi\lib\armv7e-m\fpu\libc.a(lib_a-reent.o)
                0x20003c8c                errno
                0x20003c90                . = ALIGN (0x4)
                0x20003c90                __bss_end__ = .
                0x20003c90                _ebss = __bss_end__

.heap           0x20003c90        0x0
                0x20003c90                __end__ = .
                0x20003c90                _end = __end__
                0x20003c90                end = __end__
 *(.heap*)
                0x20003c90                __HeapLimit = .

.co_stack       0x20003c90      0x800 load address 0x0802d720
                0x20003c90                . = ALIGN (0x8)
 *(.co_stack .co_stack.*)
 .co_stack      0x20003c90      0x800 ..\obj\startup_stm32f4xx.o
                0x20003c90                pulStack
                0x20020000                __StackTop = (ORIGIN (ram) + LENGTH (ram))
                0x2001f800                __StackLimit = (__StackTop - SIZEOF (.co_stack))
                [!provide]                PROVIDE (__stack, __StackTop)
                0x00000001                ASSERT ((__StackLimit >= __HeapLimit), region ram  overflowed with stack)
LOAD ..\obj\bw_articulated_manipulator.o
LOAD ..\obj\bw_global_var.o
LOAD ..\obj\bw_dynamixel_ax_12a.o
LOAD ..\obj\bw_usart_comm.o
LOAD ..\obj\bw_mpu6050.o
LOAD ..\obj\bw_i2c_lcd.o
LOAD ..\obj\stm32f4xx_usart.o
LOAD ..\obj\bw_hexapod_cmd.o
LOAD ..\obj\bw_rotary_switch.o
LOAD ..\obj\bw_user_interface.o
LOAD ..\obj\startup_stm32f4xx.o
LOAD ..\obj\main.o
LOAD ..\obj\stm32f4xx_rcc.o
LOAD ..\obj\bw_ping_receiver.o
LOAD ..\obj\bw_sound_activation.o
LOAD ..\obj\bw_extinguisher.o
LOAD ..\obj\stm32f4xx_adc.o
LOAD ..\obj\bw_bumper.o
LOAD ..\obj\bw2017_algorithm.o
LOAD ..\obj\bw_bldc_fan.o
LOAD ..\obj\bw_infrared_proximity.o
LOAD ..\obj\bw_pid_controller.o
LOAD ..\obj\bw_utilities.o
LOAD ..\obj\stm32f4xx_gpio.o
LOAD ..\obj\bw_dynamixel_xl_320.o
LOAD ..\obj\system_stm32f4xx.o
LOAD ..\obj\syscalls.o
LOAD ..\obj\bw_UV-TRON.o
LOAD ..\obj\bw_systick_delay.o
LOAD ..\obj\bw_tpa_servo.o
LOAD ..\obj\bw_interrupt_monitor.o
LOAD ..\obj\stm32f4xx_i2c.o
LOAD ..\obj\bw_lcd.o
LOAD ..\obj\misc.o
LOAD ..\obj\bw_cmps11.o
LOAD ..\obj\bw_gy_85.o
LOAD ..\obj\bw_tcs3200_receiver.o
LOAD ..\obj\stm32f4xx_tim.o
LOAD ..\obj\bw_flame_sensor.o
LOAD C:\Softwares\CooCox\GNU Tools ARM Embedded\5.2 2015q4\arm-none-eabi\lib\armv7e-m\fpu\libm.a
LOAD c:/softwares/coocox/gnu tools arm embedded/5.2 2015q4/bin/../lib/gcc/arm-none-eabi/5.2.1/armv7e-m/fpu\libgcc.a
LOAD C:\Softwares\CooCox\GNU Tools ARM Embedded\5.2 2015q4\arm-none-eabi\lib\armv7e-m\fpu\libc.a
START GROUP
LOAD c:/softwares/coocox/gnu tools arm embedded/5.2 2015q4/bin/../lib/gcc/arm-none-eabi/5.2.1/armv7e-m/fpu\libgcc.a
LOAD C:\Softwares\CooCox\GNU Tools ARM Embedded\5.2 2015q4\arm-none-eabi\lib\armv7e-m\fpu\libg.a
LOAD C:\Softwares\CooCox\GNU Tools ARM Embedded\5.2 2015q4\arm-none-eabi\lib\armv7e-m\fpu\libc.a
END GROUP
OUTPUT(BW_2.17_Main_Controller_Ver.1.0.elf elf32-littlearm)

.debug_info     0x00000000    0x1a9b2
 .debug_info    0x00000000      0xc53 ..\obj\bw_articulated_manipulator.o
 .debug_info    0x00000c53     0x2219 ..\obj\bw_global_var.o
 .debug_info    0x00002e6c     0x1261 ..\obj\bw_usart_comm.o
 .debug_info    0x000040cd      0x9ca ..\obj\stm32f4xx_usart.o
 .debug_info    0x00004a97     0x1be6 ..\obj\bw_hexapod_cmd.o
 .debug_info    0x0000667d      0xbd1 ..\obj\bw_rotary_switch.o
 .debug_info    0x0000724e      0xb14 ..\obj\bw_user_interface.o
 .debug_info    0x00007d62       0xed ..\obj\startup_stm32f4xx.o
 .debug_info    0x00007e4f      0xbc6 ..\obj\main.o
 .debug_info    0x00008a15      0xc59 ..\obj\stm32f4xx_rcc.o
 .debug_info    0x0000966e      0xdeb ..\obj\bw_ping_receiver.o
 .debug_info    0x0000a459      0x9d8 ..\obj\bw_sound_activation.o
 .debug_info    0x0000ae31      0x9ef ..\obj\bw_extinguisher.o
 .debug_info    0x0000b820      0xc40 ..\obj\stm32f4xx_adc.o
 .debug_info    0x0000c460      0x9e9 ..\obj\bw_bumper.o
 .debug_info    0x0000ce49     0x3a63 ..\obj\bw2017_algorithm.o
 .debug_info    0x000108ac      0xbee ..\obj\bw_bldc_fan.o
 .debug_info    0x0001149a      0xa0b ..\obj\bw_infrared_proximity.o
 .debug_info    0x00011ea5      0xa80 ..\obj\bw_pid_controller.o
 .debug_info    0x00012925      0x90d ..\obj\bw_utilities.o
 .debug_info    0x00013232      0x61a ..\obj\stm32f4xx_gpio.o
 .debug_info    0x0001384c      0x596 ..\obj\system_stm32f4xx.o
 .debug_info    0x00013de2      0x3f5 ..\obj\syscalls.o